"../../../Engine/Content/EngineMaterials/T_Default_Material_Grid_M.ubulk" 0
"../../../Engine/Content/EngineMaterials/T_Default_Material_Grid_M.uasset" 1
"../../../Engine/Content/EngineMaterials/T_Default_Material_Grid_M.uexp" 2
"../../../Engine/Content/EngineMaterials/T_Default_Material_Grid_N.ubulk" 3
"../../../Engine/Content/EngineMaterials/T_Default_Material_Grid_N.uasset" 4
"../../../Engine/Content/EngineMaterials/T_Default_Material_Grid_N.uexp" 5
"../../../Engine/Content/Functions/Engine_MaterialFunctions01/Opacity/CameraDepthFade.uasset" 6
"../../../Engine/Content/Functions/Engine_MaterialFunctions01/Opacity/CameraDepthFade.uexp" 7
"../../../Engine/Content/EngineMaterials/DefaultMaterial.uasset" 8
"../../../Engine/Content/EngineMaterials/DefaultMaterial.uexp" 9
"../../../Engine/Content/BasicShapes/Sphere.ubulk" 10
"../../../Engine/Content/BasicShapes/Sphere.uasset" 11
"../../../Engine/Content/BasicShapes/Sphere.uexp" 12
"../../../Engine/Content/EngineMaterials/WorldGridMaterial.uasset" 13
"../../../Engine/Content/EngineMaterials/WorldGridMaterial.uexp" 14
"../../../Engine/Content/BasicShapes/Plane.ubulk" 15
"../../../Engine/Content/BasicShapes/Plane.uasset" 16
"../../../Engine/Content/BasicShapes/Plane.uexp" 17
"../../../Engine/Content/BasicShapes/Cylinder.ubulk" 18
"../../../Engine/Content/BasicShapes/Cylinder.uasset" 19
"../../../Engine/Content/BasicShapes/Cylinder.uexp" 20
"../../../Engine/Content/BasicShapes/Cone.ubulk" 21
"../../../Engine/Content/BasicShapes/Cone.uasset" 22
"../../../Engine/Content/BasicShapes/Cone.uexp" 23
"../../../Engine/Content/ArtTools/RenderToTexture/Meshes/S_1_Unit_Plane.ubulk" 24
"../../../Engine/Content/ArtTools/RenderToTexture/Meshes/S_1_Unit_Plane.uasset" 25
"../../../Engine/Content/ArtTools/RenderToTexture/Meshes/S_1_Unit_Plane.uexp" 26
"C:/Users/Ricor/OneDrive/Documents/Unreal Projects/GamesJam3Self/Content/_GENERATED/1900570/Box_E3F7345B.ubulk" 27
"C:/Users/Ricor/OneDrive/Documents/Unreal Projects/GamesJam3Self/Content/_GENERATED/1900570/Box_E3F7345B.uasset" 28
"C:/Users/Ricor/OneDrive/Documents/Unreal Projects/GamesJam3Self/Content/_GENERATED/1900570/Box_E3F7345B.uexp" 29
"C:/Users/Ricor/OneDrive/Documents/Unreal Projects/GamesJam3Self/Content/_GENERATED/1900570/Box_A247B781.ubulk" 30
"C:/Users/Ricor/OneDrive/Documents/Unreal Projects/GamesJam3Self/Content/_GENERATED/1900570/Box_A247B781.uasset" 31
"C:/Users/Ricor/OneDrive/Documents/Unreal Projects/GamesJam3Self/Content/_GENERATED/1900570/Box_A247B781.uexp" 32
"../../../Engine/Content/Functions/Engine_MaterialFunctions02/Utility/MakeFloat4.uasset" 33
"../../../Engine/Content/Functions/Engine_MaterialFunctions02/Utility/MakeFloat4.uexp" 34
"C:/Users/Ricor/OneDrive/Documents/Unreal Projects/GamesJam3Self/Content/Blueprints/YellowHighlight.uasset" 35
"C:/Users/Ricor/OneDrive/Documents/Unreal Projects/GamesJam3Self/Content/Blueprints/YellowHighlight.uexp" 36
"C:/Users/Ricor/OneDrive/Documents/Unreal Projects/GamesJam3Self/Content/Blueprints/Player/Mesh/OgreTpose_Skeleton.uasset" 37
"C:/Users/Ricor/OneDrive/Documents/Unreal Projects/GamesJam3Self/Content/Blueprints/Player/Mesh/OgreTpose_Skeleton.uexp" 38
"C:/Users/Ricor/OneDrive/Documents/Unreal Projects/GamesJam3Self/Content/Blueprints/Player/Mesh/OgreTpose_PhysicsAsset.uasset" 39
"C:/Users/Ricor/OneDrive/Documents/Unreal Projects/GamesJam3Self/Content/Blueprints/Player/Mesh/OgreTpose_PhysicsAsset.uexp" 40
"C:/Users/Ricor/OneDrive/Documents/Unreal Projects/GamesJam3Self/Content/Blueprints/Player/Mesh/OgreTpose.uasset" 41
"C:/Users/Ricor/OneDrive/Documents/Unreal Projects/GamesJam3Self/Content/Blueprints/Player/Mesh/OgreTpose.uexp" 42
"C:/Users/Ricor/OneDrive/Documents/Unreal Projects/GamesJam3Self/Content/Blueprints/Items/F_ItemDataStruct.uasset" 43
"C:/Users/Ricor/OneDrive/Documents/Unreal Projects/GamesJam3Self/Content/Blueprints/Items/F_ItemDataStruct.uexp" 44
"C:/Users/Ricor/OneDrive/Documents/Unreal Projects/GamesJam3Self/Content/Blueprints/Items/ItemImages/GraySword.uasset" 45
"C:/Users/Ricor/OneDrive/Documents/Unreal Projects/GamesJam3Self/Content/Blueprints/Items/ItemImages/GraySword.uexp" 46
"C:/Users/Ricor/OneDrive/Documents/Unreal Projects/GamesJam3Self/Content/Blueprints/Items/ItemImages/YellowBoots.uasset" 47
"C:/Users/Ricor/OneDrive/Documents/Unreal Projects/GamesJam3Self/Content/Blueprints/Items/ItemImages/YellowBoots.uexp" 48
"C:/Users/Ricor/OneDrive/Documents/Unreal Projects/GamesJam3Self/Content/Blueprints/Items/ItemImages/BlueBelt.uasset" 49
"C:/Users/Ricor/OneDrive/Documents/Unreal Projects/GamesJam3Self/Content/Blueprints/Items/ItemImages/BlueBelt.uexp" 50
"C:/Users/Ricor/OneDrive/Documents/Unreal Projects/GamesJam3Self/Content/Blueprints/Items/ItemImages/GrayHat.uasset" 51
"C:/Users/Ricor/OneDrive/Documents/Unreal Projects/GamesJam3Self/Content/Blueprints/Items/ItemImages/GrayHat.uexp" 52
"C:/Users/Ricor/OneDrive/Documents/Unreal Projects/GamesJam3Self/Content/Blueprints/Items/ItemMaterials/M_Blue.uasset" 53
"C:/Users/Ricor/OneDrive/Documents/Unreal Projects/GamesJam3Self/Content/Blueprints/Items/ItemMaterials/M_Blue.uexp" 54
"C:/Users/Ricor/OneDrive/Documents/Unreal Projects/GamesJam3Self/Content/Blueprints/Items/ItemImages/GrayBelt.uasset" 55
"C:/Users/Ricor/OneDrive/Documents/Unreal Projects/GamesJam3Self/Content/Blueprints/Items/ItemImages/GrayBelt.uexp" 56
"C:/Users/Ricor/OneDrive/Documents/Unreal Projects/GamesJam3Self/Content/Blueprints/Items/ItemImages/YellowHat.uasset" 57
"C:/Users/Ricor/OneDrive/Documents/Unreal Projects/GamesJam3Self/Content/Blueprints/Items/ItemImages/YellowHat.uexp" 58
"C:/Users/Ricor/OneDrive/Documents/Unreal Projects/GamesJam3Self/Content/Blueprints/Items/ItemImages/BlueBoots.uasset" 59
"C:/Users/Ricor/OneDrive/Documents/Unreal Projects/GamesJam3Self/Content/Blueprints/Items/ItemImages/BlueBoots.uexp" 60
"C:/Users/Ricor/OneDrive/Documents/Unreal Projects/GamesJam3Self/Content/Blueprints/Items/ItemMaterials/M_Green.uasset" 61
"C:/Users/Ricor/OneDrive/Documents/Unreal Projects/GamesJam3Self/Content/Blueprints/Items/ItemMaterials/M_Green.uexp" 62
"C:/Users/Ricor/OneDrive/Documents/Unreal Projects/GamesJam3Self/Content/Blueprints/Items/ItemImages/GreenSword.uasset" 63
"C:/Users/Ricor/OneDrive/Documents/Unreal Projects/GamesJam3Self/Content/Blueprints/Items/ItemImages/GreenSword.uexp" 64
"C:/Users/Ricor/OneDrive/Documents/Unreal Projects/GamesJam3Self/Content/Blueprints/Items/ItemImages/PurpleSword.uasset" 65
"C:/Users/Ricor/OneDrive/Documents/Unreal Projects/GamesJam3Self/Content/Blueprints/Items/ItemImages/PurpleSword.uexp" 66
"C:/Users/Ricor/OneDrive/Documents/Unreal Projects/GamesJam3Self/Content/Blueprints/Items/ItemMaterials/M_Gray.uasset" 67
"C:/Users/Ricor/OneDrive/Documents/Unreal Projects/GamesJam3Self/Content/Blueprints/Items/ItemMaterials/M_Gray.uexp" 68
"C:/Users/Ricor/OneDrive/Documents/Unreal Projects/GamesJam3Self/Content/Blueprints/Items/ItemImages/GrayBoots.uasset" 69
"C:/Users/Ricor/OneDrive/Documents/Unreal Projects/GamesJam3Self/Content/Blueprints/Items/ItemImages/GrayBoots.uexp" 70
"C:/Users/Ricor/OneDrive/Documents/Unreal Projects/GamesJam3Self/Content/Blueprints/Items/ItemImages/BlueSword.uasset" 71
"C:/Users/Ricor/OneDrive/Documents/Unreal Projects/GamesJam3Self/Content/Blueprints/Items/ItemImages/BlueSword.uexp" 72
"C:/Users/Ricor/OneDrive/Documents/Unreal Projects/GamesJam3Self/Content/Blueprints/Items/ItemImages/GreenBoots.uasset" 73
"C:/Users/Ricor/OneDrive/Documents/Unreal Projects/GamesJam3Self/Content/Blueprints/Items/ItemImages/GreenBoots.uexp" 74
"C:/Users/Ricor/OneDrive/Documents/Unreal Projects/GamesJam3Self/Content/Blueprints/Items/ItemMaterials/M_Yellow.uasset" 75
"C:/Users/Ricor/OneDrive/Documents/Unreal Projects/GamesJam3Self/Content/Blueprints/Items/ItemMaterials/M_Yellow.uexp" 76
"C:/Users/Ricor/OneDrive/Documents/Unreal Projects/GamesJam3Self/Content/Blueprints/Items/ItemImages/PurpleBelt.uasset" 77
"C:/Users/Ricor/OneDrive/Documents/Unreal Projects/GamesJam3Self/Content/Blueprints/Items/ItemImages/PurpleBelt.uexp" 78
"C:/Users/Ricor/OneDrive/Documents/Unreal Projects/GamesJam3Self/Content/Blueprints/Items/ItemImages/YellowBelt.uasset" 79
"C:/Users/Ricor/OneDrive/Documents/Unreal Projects/GamesJam3Self/Content/Blueprints/Items/ItemImages/YellowBelt.uexp" 80
"C:/Users/Ricor/OneDrive/Documents/Unreal Projects/GamesJam3Self/Content/Blueprints/Items/ItemImages/BlueHat.uasset" 81
"C:/Users/Ricor/OneDrive/Documents/Unreal Projects/GamesJam3Self/Content/Blueprints/Items/ItemImages/BlueHat.uexp" 82
"C:/Users/Ricor/OneDrive/Documents/Unreal Projects/GamesJam3Self/Content/Blueprints/Items/ItemImages/GreenHat.uasset" 83
"C:/Users/Ricor/OneDrive/Documents/Unreal Projects/GamesJam3Self/Content/Blueprints/Items/ItemImages/GreenHat.uexp" 84
"C:/Users/Ricor/OneDrive/Documents/Unreal Projects/GamesJam3Self/Content/Blueprints/Items/ItemImages/PurpleBoots.uasset" 85
"C:/Users/Ricor/OneDrive/Documents/Unreal Projects/GamesJam3Self/Content/Blueprints/Items/ItemImages/PurpleBoots.uexp" 86
"C:/Users/Ricor/OneDrive/Documents/Unreal Projects/GamesJam3Self/Content/Blueprints/Items/ItemImages/YellowSword.uasset" 87
"C:/Users/Ricor/OneDrive/Documents/Unreal Projects/GamesJam3Self/Content/Blueprints/Items/ItemImages/YellowSword.uexp" 88
"C:/Users/Ricor/OneDrive/Documents/Unreal Projects/GamesJam3Self/Content/Blueprints/Items/ItemMaterials/M_Purple.uasset" 89
"C:/Users/Ricor/OneDrive/Documents/Unreal Projects/GamesJam3Self/Content/Blueprints/Items/ItemMaterials/M_Purple.uexp" 90
"C:/Users/Ricor/OneDrive/Documents/Unreal Projects/GamesJam3Self/Content/Blueprints/Items/ItemImages/PurpleHat.uasset" 91
"C:/Users/Ricor/OneDrive/Documents/Unreal Projects/GamesJam3Self/Content/Blueprints/Items/ItemImages/PurpleHat.uexp" 92
"C:/Users/Ricor/OneDrive/Documents/Unreal Projects/GamesJam3Self/Content/Blueprints/Items/ItemImages/GreenBelt.uasset" 93
"C:/Users/Ricor/OneDrive/Documents/Unreal Projects/GamesJam3Self/Content/Blueprints/Items/ItemImages/GreenBelt.uexp" 94
"C:/Users/Ricor/OneDrive/Documents/Unreal Projects/GamesJam3Self/Content/Blueprints/Items/ItemData.uasset" 95
"C:/Users/Ricor/OneDrive/Documents/Unreal Projects/GamesJam3Self/Content/Blueprints/Items/ItemData.uexp" 96
"../../../Engine/Content/EditorBlueprintResources/StandardMacros.uasset" 97
"../../../Engine/Content/EditorBlueprintResources/StandardMacros.uexp" 98
"C:/Users/Ricor/OneDrive/Documents/Unreal Projects/GamesJam3Self/Content/Blueprints/HUD/WBP_ItemPickedUp.uasset" 99
"C:/Users/Ricor/OneDrive/Documents/Unreal Projects/GamesJam3Self/Content/Blueprints/HUD/WBP_ItemPickedUp.uexp" 100
"C:/Users/Ricor/OneDrive/Documents/Unreal Projects/GamesJam3Self/Content/Blueprints/Items/BP_CollectibleParent.uasset" 101
"C:/Users/Ricor/OneDrive/Documents/Unreal Projects/GamesJam3Self/Content/Blueprints/Items/BP_CollectibleParent.uexp" 102
"C:/Users/Ricor/OneDrive/Documents/Unreal Projects/GamesJam3Self/Content/Blueprints/Player/BP_GameInstance.uasset" 103
"C:/Users/Ricor/OneDrive/Documents/Unreal Projects/GamesJam3Self/Content/Blueprints/Player/BP_GameInstance.uexp" 104
"C:/Users/Ricor/OneDrive/Documents/Unreal Projects/GamesJam3Self/Content/Blueprints/Player/BPI_PlayerInterface.uasset" 105
"C:/Users/Ricor/OneDrive/Documents/Unreal Projects/GamesJam3Self/Content/Blueprints/Player/BPI_PlayerInterface.uexp" 106
"C:/Users/Ricor/OneDrive/Documents/Unreal Projects/GamesJam3Self/Content/Blueprints/Player/BP_PlayerController.uasset" 107
"C:/Users/Ricor/OneDrive/Documents/Unreal Projects/GamesJam3Self/Content/Blueprints/Player/BP_PlayerController.uexp" 108
"../../../Engine/Content/Animation/DefaultAnimCurveCompressionSettings.uasset" 109
"../../../Engine/Content/Animation/DefaultAnimCurveCompressionSettings.uexp" 110
"../../../Engine/Content/Animation/DefaultAnimBoneCompressionSettings.uasset" 111
"../../../Engine/Content/Animation/DefaultAnimBoneCompressionSettings.uexp" 112
"C:/Users/Ricor/OneDrive/Documents/Unreal Projects/GamesJam3Self/Content/Blueprints/Player/Mesh/AttackAnimations/Standing_Melee_Attack_Downward.uasset" 113
"C:/Users/Ricor/OneDrive/Documents/Unreal Projects/GamesJam3Self/Content/Blueprints/Player/Mesh/AttackAnimations/Standing_Melee_Attack_Downward.uexp" 114
"C:/Users/Ricor/OneDrive/Documents/Unreal Projects/GamesJam3Self/Content/Blueprints/Player/Mesh/AttackAnimations/AM_Attack2.uasset" 115
"C:/Users/Ricor/OneDrive/Documents/Unreal Projects/GamesJam3Self/Content/Blueprints/Player/Mesh/AttackAnimations/AM_Attack2.uexp" 116
"C:/Users/Ricor/OneDrive/Documents/Unreal Projects/GamesJam3Self/Content/_GENERATED/1900570/Sword_Mesh.ubulk" 117
"C:/Users/Ricor/OneDrive/Documents/Unreal Projects/GamesJam3Self/Content/_GENERATED/1900570/Sword_Mesh.uasset" 118
"C:/Users/Ricor/OneDrive/Documents/Unreal Projects/GamesJam3Self/Content/_GENERATED/1900570/Sword_Mesh.uexp" 119
"C:/Users/Ricor/OneDrive/Documents/Unreal Projects/GamesJam3Self/Content/Blueprints/Player/Mesh/Unarmed_Walk_Back.uasset" 120
"C:/Users/Ricor/OneDrive/Documents/Unreal Projects/GamesJam3Self/Content/Blueprints/Player/Mesh/Unarmed_Walk_Back.uexp" 121
"C:/Users/Ricor/OneDrive/Documents/Unreal Projects/GamesJam3Self/Content/Blueprints/Player/Mesh/Unarmed_Walk_Forward.uasset" 122
"C:/Users/Ricor/OneDrive/Documents/Unreal Projects/GamesJam3Self/Content/Blueprints/Player/Mesh/Unarmed_Walk_Forward.uexp" 123
"C:/Users/Ricor/OneDrive/Documents/Unreal Projects/GamesJam3Self/Content/Blueprints/Player/Mesh/Standing_Walk_Left.uasset" 124
"C:/Users/Ricor/OneDrive/Documents/Unreal Projects/GamesJam3Self/Content/Blueprints/Player/Mesh/Standing_Walk_Left.uexp" 125
"C:/Users/Ricor/OneDrive/Documents/Unreal Projects/GamesJam3Self/Content/Blueprints/Player/Mesh/Standing_Walk_Right.uasset" 126
"C:/Users/Ricor/OneDrive/Documents/Unreal Projects/GamesJam3Self/Content/Blueprints/Player/Mesh/Standing_Walk_Right.uexp" 127
"C:/Users/Ricor/OneDrive/Documents/Unreal Projects/GamesJam3Self/Content/Blueprints/Player/Mesh/OgreIdle_Anim_mixamo_com.uasset" 128
"C:/Users/Ricor/OneDrive/Documents/Unreal Projects/GamesJam3Self/Content/Blueprints/Player/Mesh/OgreIdle_Anim_mixamo_com.uexp" 129
"C:/Users/Ricor/OneDrive/Documents/Unreal Projects/GamesJam3Self/Content/Blueprints/Player/Mesh/BS_OgreBlendSpace.uasset" 130
"C:/Users/Ricor/OneDrive/Documents/Unreal Projects/GamesJam3Self/Content/Blueprints/Player/Mesh/BS_OgreBlendSpace.uexp" 131
"C:/Users/Ricor/OneDrive/Documents/Unreal Projects/GamesJam3Self/Content/Blueprints/Player/Mesh/ABP_PlayerAnimation.uasset" 132
"C:/Users/Ricor/OneDrive/Documents/Unreal Projects/GamesJam3Self/Content/Blueprints/Player/Mesh/ABP_PlayerAnimation.uexp" 133
"C:/Users/Ricor/OneDrive/Documents/Unreal Projects/GamesJam3Self/Content/Blueprints/Enemies/Mesh/Mutant_Run_Skeleton.uasset" 134
"C:/Users/Ricor/OneDrive/Documents/Unreal Projects/GamesJam3Self/Content/Blueprints/Enemies/Mesh/Mutant_Run_Skeleton.uexp" 135
"C:/Users/Ricor/OneDrive/Documents/Unreal Projects/GamesJam3Self/Content/Blueprints/Enemies/Mesh/Death/ImpDeath2.uasset" 136
"C:/Users/Ricor/OneDrive/Documents/Unreal Projects/GamesJam3Self/Content/Blueprints/Enemies/Mesh/Death/ImpDeath2.uexp" 137
"C:/Users/Ricor/OneDrive/Documents/Unreal Projects/GamesJam3Self/Content/Blueprints/Enemies/Mesh/Death/AM_Death2.uasset" 138
"C:/Users/Ricor/OneDrive/Documents/Unreal Projects/GamesJam3Self/Content/Blueprints/Enemies/Mesh/Death/AM_Death2.uexp" 139
"C:/Users/Ricor/OneDrive/Documents/Unreal Projects/GamesJam3Self/Content/Blueprints/Enemies/Mesh/Death/ImpDeath1.uasset" 140
"C:/Users/Ricor/OneDrive/Documents/Unreal Projects/GamesJam3Self/Content/Blueprints/Enemies/Mesh/Death/ImpDeath1.uexp" 141
"C:/Users/Ricor/OneDrive/Documents/Unreal Projects/GamesJam3Self/Content/Blueprints/Enemies/Mesh/Death/AM_Death1.uasset" 142
"C:/Users/Ricor/OneDrive/Documents/Unreal Projects/GamesJam3Self/Content/Blueprints/Enemies/Mesh/Death/AM_Death1.uexp" 143
"C:/Users/Ricor/OneDrive/Documents/Unreal Projects/GamesJam3Self/Content/Blueprints/Enemies/BT/BTT_Attack.uasset" 144
"C:/Users/Ricor/OneDrive/Documents/Unreal Projects/GamesJam3Self/Content/Blueprints/Enemies/BT/BTT_Attack.uexp" 145
"C:/Users/Ricor/OneDrive/Documents/Unreal Projects/GamesJam3Self/Content/Blueprints/Enemies/BT/BTS_DistanceToPlayer.uasset" 146
"C:/Users/Ricor/OneDrive/Documents/Unreal Projects/GamesJam3Self/Content/Blueprints/Enemies/BT/BTS_DistanceToPlayer.uexp" 147
"C:/Users/Ricor/OneDrive/Documents/Unreal Projects/GamesJam3Self/Content/Blueprints/Enemies/BT/BB_Enemy.uasset" 148
"C:/Users/Ricor/OneDrive/Documents/Unreal Projects/GamesJam3Self/Content/Blueprints/Enemies/BT/BB_Enemy.uexp" 149
"C:/Users/Ricor/OneDrive/Documents/Unreal Projects/GamesJam3Self/Content/Blueprints/Enemies/BT/BTT_ChasePlayer.uasset" 150
"C:/Users/Ricor/OneDrive/Documents/Unreal Projects/GamesJam3Self/Content/Blueprints/Enemies/BT/BTT_ChasePlayer.uexp" 151
"C:/Users/Ricor/OneDrive/Documents/Unreal Projects/GamesJam3Self/Content/Blueprints/Enemies/BT/BTT_AttackSpeedDelay.uasset" 152
"C:/Users/Ricor/OneDrive/Documents/Unreal Projects/GamesJam3Self/Content/Blueprints/Enemies/BT/BTT_AttackSpeedDelay.uexp" 153
"C:/Users/Ricor/OneDrive/Documents/Unreal Projects/GamesJam3Self/Content/Blueprints/Enemies/BT/BT_EnemyBehaviour.uasset" 154
"C:/Users/Ricor/OneDrive/Documents/Unreal Projects/GamesJam3Self/Content/Blueprints/Enemies/BT/BT_EnemyBehaviour.uexp" 155
"C:/Users/Ricor/OneDrive/Documents/Unreal Projects/GamesJam3Self/Content/Blueprints/Enemies/BP_AiController.uasset" 156
"C:/Users/Ricor/OneDrive/Documents/Unreal Projects/GamesJam3Self/Content/Blueprints/Enemies/BP_AiController.uexp" 157
"C:/Users/Ricor/OneDrive/Documents/Unreal Projects/GamesJam3Self/Content/Blueprints/Enemies/Mesh/Attacks/Standing_Melee_Attack_Downward.uasset" 158
"C:/Users/Ricor/OneDrive/Documents/Unreal Projects/GamesJam3Self/Content/Blueprints/Enemies/Mesh/Attacks/Standing_Melee_Attack_Downward.uexp" 159
"C:/Users/Ricor/OneDrive/Documents/Unreal Projects/GamesJam3Self/Content/Blueprints/Enemies/Mesh/Attacks/AM_Attack1.uasset" 160
"C:/Users/Ricor/OneDrive/Documents/Unreal Projects/GamesJam3Self/Content/Blueprints/Enemies/Mesh/Attacks/AM_Attack1.uexp" 161
"C:/Users/Ricor/OneDrive/Documents/Unreal Projects/GamesJam3Self/Content/Blueprints/HUD/WBP_HealthBar.uasset" 162
"C:/Users/Ricor/OneDrive/Documents/Unreal Projects/GamesJam3Self/Content/Blueprints/HUD/WBP_HealthBar.uexp" 163
"C:/Users/Ricor/OneDrive/Documents/Unreal Projects/GamesJam3Self/Content/Blueprints/Enemies/Mesh/Mutant_Run_Anim_mixamo_com.uasset" 164
"C:/Users/Ricor/OneDrive/Documents/Unreal Projects/GamesJam3Self/Content/Blueprints/Enemies/Mesh/Mutant_Run_Anim_mixamo_com.uexp" 165
"C:/Users/Ricor/OneDrive/Documents/Unreal Projects/GamesJam3Self/Content/Blueprints/Enemies/Mesh/Orc_Idle.uasset" 166
"C:/Users/Ricor/OneDrive/Documents/Unreal Projects/GamesJam3Self/Content/Blueprints/Enemies/Mesh/Orc_Idle.uexp" 167
"C:/Users/Ricor/OneDrive/Documents/Unreal Projects/GamesJam3Self/Content/Blueprints/Enemies/Mesh/ABP_ImpAnimBlueprint.uasset" 168
"C:/Users/Ricor/OneDrive/Documents/Unreal Projects/GamesJam3Self/Content/Blueprints/Enemies/Mesh/ABP_ImpAnimBlueprint.uexp" 169
"C:/Users/Ricor/OneDrive/Documents/Unreal Projects/GamesJam3Self/Content/Blueprints/Enemies/Mesh/Mutant_Run_PhysicsAsset.uasset" 170
"C:/Users/Ricor/OneDrive/Documents/Unreal Projects/GamesJam3Self/Content/Blueprints/Enemies/Mesh/Mutant_Run_PhysicsAsset.uexp" 171
"C:/Users/Ricor/OneDrive/Documents/Unreal Projects/GamesJam3Self/Content/Blueprints/Enemies/Mesh/Mutant_Run.uasset" 172
"C:/Users/Ricor/OneDrive/Documents/Unreal Projects/GamesJam3Self/Content/Blueprints/Enemies/Mesh/Mutant_Run.uexp" 173
"C:/Users/Ricor/OneDrive/Documents/Unreal Projects/GamesJam3Self/Content/Blueprints/Enemies/Mesh/Attacks/Mutant_Punch__1_.uasset" 174
"C:/Users/Ricor/OneDrive/Documents/Unreal Projects/GamesJam3Self/Content/Blueprints/Enemies/Mesh/Attacks/Mutant_Punch__1_.uexp" 175
"C:/Users/Ricor/OneDrive/Documents/Unreal Projects/GamesJam3Self/Content/Blueprints/Enemies/Mesh/Attacks/AM_Attack2.uasset" 176
"C:/Users/Ricor/OneDrive/Documents/Unreal Projects/GamesJam3Self/Content/Blueprints/Enemies/Mesh/Attacks/AM_Attack2.uexp" 177
"C:/Users/Ricor/OneDrive/Documents/Unreal Projects/GamesJam3Self/Content/Blueprints/Enemies/BP_MeleeEnemyParent.uasset" 178
"C:/Users/Ricor/OneDrive/Documents/Unreal Projects/GamesJam3Self/Content/Blueprints/Enemies/BP_MeleeEnemyParent.uexp" 179
"C:/Users/Ricor/OneDrive/Documents/Unreal Projects/GamesJam3Self/Content/_GENERATED/1900570/Hat_Mesh.ubulk" 180
"C:/Users/Ricor/OneDrive/Documents/Unreal Projects/GamesJam3Self/Content/_GENERATED/1900570/Hat_Mesh.uasset" 181
"C:/Users/Ricor/OneDrive/Documents/Unreal Projects/GamesJam3Self/Content/_GENERATED/1900570/Hat_Mesh.uexp" 182
"C:/Users/Ricor/OneDrive/Documents/Unreal Projects/GamesJam3Self/Content/Blueprints/HUD/WBP_MainHud.uasset" 183
"C:/Users/Ricor/OneDrive/Documents/Unreal Projects/GamesJam3Self/Content/Blueprints/HUD/WBP_MainHud.uexp" 184
"C:/Users/Ricor/OneDrive/Documents/Unreal Projects/GamesJam3Self/Content/Blueprints/Player/Mesh/AttackAnimations/Standing_Melee_Attack_Horizontal.uasset" 185
"C:/Users/Ricor/OneDrive/Documents/Unreal Projects/GamesJam3Self/Content/Blueprints/Player/Mesh/AttackAnimations/Standing_Melee_Attack_Horizontal.uexp" 186
"C:/Users/Ricor/OneDrive/Documents/Unreal Projects/GamesJam3Self/Content/Blueprints/Player/Mesh/AttackAnimations/AM_Attack1.uasset" 187
"C:/Users/Ricor/OneDrive/Documents/Unreal Projects/GamesJam3Self/Content/Blueprints/Player/Mesh/AttackAnimations/AM_Attack1.uexp" 188
"C:/Users/Ricor/OneDrive/Documents/Unreal Projects/GamesJam3Self/Content/_GENERATED/1900570/Boots_Mesh.uasset" 189
"C:/Users/Ricor/OneDrive/Documents/Unreal Projects/GamesJam3Self/Content/_GENERATED/1900570/Boots_Mesh.uexp" 190
"C:/Users/Ricor/OneDrive/Documents/Unreal Projects/GamesJam3Self/Content/Blueprints/Items/ItemActors/BP_BootsGray.uasset" 191
"C:/Users/Ricor/OneDrive/Documents/Unreal Projects/GamesJam3Self/Content/Blueprints/Items/ItemActors/BP_BootsGray.uexp" 192
"C:/Users/Ricor/OneDrive/Documents/Unreal Projects/GamesJam3Self/Content/Blueprints/Items/ItemActors/BP_BootsYellow.uasset" 193
"C:/Users/Ricor/OneDrive/Documents/Unreal Projects/GamesJam3Self/Content/Blueprints/Items/ItemActors/BP_BootsYellow.uexp" 194
"C:/Users/Ricor/OneDrive/Documents/Unreal Projects/GamesJam3Self/Content/_GENERATED/1900570/ChestBase_Mesh.ubulk" 195
"C:/Users/Ricor/OneDrive/Documents/Unreal Projects/GamesJam3Self/Content/_GENERATED/1900570/ChestBase_Mesh.uasset" 196
"C:/Users/Ricor/OneDrive/Documents/Unreal Projects/GamesJam3Self/Content/_GENERATED/1900570/ChestBase_Mesh.uexp" 197
"C:/Users/Ricor/OneDrive/Documents/Unreal Projects/GamesJam3Self/Content/_GENERATED/1900570/Belt_Mesh.ubulk" 198
"C:/Users/Ricor/OneDrive/Documents/Unreal Projects/GamesJam3Self/Content/_GENERATED/1900570/Belt_Mesh.uasset" 199
"C:/Users/Ricor/OneDrive/Documents/Unreal Projects/GamesJam3Self/Content/_GENERATED/1900570/Belt_Mesh.uexp" 200
"C:/Users/Ricor/OneDrive/Documents/Unreal Projects/GamesJam3Self/Content/Blueprints/Items/ItemActors/BP_BeltGray.uasset" 201
"C:/Users/Ricor/OneDrive/Documents/Unreal Projects/GamesJam3Self/Content/Blueprints/Items/ItemActors/BP_BeltGray.uexp" 202
"C:/Users/Ricor/OneDrive/Documents/Unreal Projects/GamesJam3Self/Content/Blueprints/Items/ItemActors/BP_HatGray.uasset" 203
"C:/Users/Ricor/OneDrive/Documents/Unreal Projects/GamesJam3Self/Content/Blueprints/Items/ItemActors/BP_HatGray.uexp" 204
"C:/Users/Ricor/OneDrive/Documents/Unreal Projects/GamesJam3Self/Content/Blueprints/Items/ItemActors/BP_SwordGray.uasset" 205
"C:/Users/Ricor/OneDrive/Documents/Unreal Projects/GamesJam3Self/Content/Blueprints/Items/ItemActors/BP_SwordGray.uexp" 206
"C:/Users/Ricor/OneDrive/Documents/Unreal Projects/GamesJam3Self/Content/Blueprints/Items/ItemActors/BP_BeltPurple.uasset" 207
"C:/Users/Ricor/OneDrive/Documents/Unreal Projects/GamesJam3Self/Content/Blueprints/Items/ItemActors/BP_BeltPurple.uexp" 208
"C:/Users/Ricor/OneDrive/Documents/Unreal Projects/GamesJam3Self/Content/Blueprints/Items/ItemMaterials/M_Brown.uasset" 209
"C:/Users/Ricor/OneDrive/Documents/Unreal Projects/GamesJam3Self/Content/Blueprints/Items/ItemMaterials/M_Brown.uexp" 210
"C:/Users/Ricor/OneDrive/Documents/Unreal Projects/GamesJam3Self/Content/_GENERATED/1900570/ChestLid_Mesh.uasset" 211
"C:/Users/Ricor/OneDrive/Documents/Unreal Projects/GamesJam3Self/Content/_GENERATED/1900570/ChestLid_Mesh.uexp" 212
"C:/Users/Ricor/OneDrive/Documents/Unreal Projects/GamesJam3Self/Content/Blueprints/Items/ItemActors/BP_BootsPurple.uasset" 213
"C:/Users/Ricor/OneDrive/Documents/Unreal Projects/GamesJam3Self/Content/Blueprints/Items/ItemActors/BP_BootsPurple.uexp" 214
"C:/Users/Ricor/OneDrive/Documents/Unreal Projects/GamesJam3Self/Content/Blueprints/Items/ItemActors/BP_SwordYellow.uasset" 215
"C:/Users/Ricor/OneDrive/Documents/Unreal Projects/GamesJam3Self/Content/Blueprints/Items/ItemActors/BP_SwordYellow.uexp" 216
"C:/Users/Ricor/OneDrive/Documents/Unreal Projects/GamesJam3Self/Content/Blueprints/Items/ItemActors/BP_BeltYellow.uasset" 217
"C:/Users/Ricor/OneDrive/Documents/Unreal Projects/GamesJam3Self/Content/Blueprints/Items/ItemActors/BP_BeltYellow.uexp" 218
"C:/Users/Ricor/OneDrive/Documents/Unreal Projects/GamesJam3Self/Content/Blueprints/Items/ItemActors/BP_BeltBlue.uasset" 219
"C:/Users/Ricor/OneDrive/Documents/Unreal Projects/GamesJam3Self/Content/Blueprints/Items/ItemActors/BP_BeltBlue.uexp" 220
"C:/Users/Ricor/OneDrive/Documents/Unreal Projects/GamesJam3Self/Content/Blueprints/Items/ItemActors/BP_SwordBlue.uasset" 221
"C:/Users/Ricor/OneDrive/Documents/Unreal Projects/GamesJam3Self/Content/Blueprints/Items/ItemActors/BP_SwordBlue.uexp" 222
"C:/Users/Ricor/OneDrive/Documents/Unreal Projects/GamesJam3Self/Content/Blueprints/Items/ItemActors/BP_HatYellow.uasset" 223
"C:/Users/Ricor/OneDrive/Documents/Unreal Projects/GamesJam3Self/Content/Blueprints/Items/ItemActors/BP_HatYellow.uexp" 224
"C:/Users/Ricor/OneDrive/Documents/Unreal Projects/GamesJam3Self/Content/Blueprints/Items/ItemActors/BP_HatBlue.uasset" 225
"C:/Users/Ricor/OneDrive/Documents/Unreal Projects/GamesJam3Self/Content/Blueprints/Items/ItemActors/BP_HatBlue.uexp" 226
"C:/Users/Ricor/OneDrive/Documents/Unreal Projects/GamesJam3Self/Content/Blueprints/Items/ItemActors/BP_BeltGreen.uasset" 227
"C:/Users/Ricor/OneDrive/Documents/Unreal Projects/GamesJam3Self/Content/Blueprints/Items/ItemActors/BP_BeltGreen.uexp" 228
"C:/Users/Ricor/OneDrive/Documents/Unreal Projects/GamesJam3Self/Content/Blueprints/Items/ItemActors/BP_SwordPurple.uasset" 229
"C:/Users/Ricor/OneDrive/Documents/Unreal Projects/GamesJam3Self/Content/Blueprints/Items/ItemActors/BP_SwordPurple.uexp" 230
"C:/Users/Ricor/OneDrive/Documents/Unreal Projects/GamesJam3Self/Content/Blueprints/Items/ItemActors/BP_BootsBlue.uasset" 231
"C:/Users/Ricor/OneDrive/Documents/Unreal Projects/GamesJam3Self/Content/Blueprints/Items/ItemActors/BP_BootsBlue.uexp" 232
"C:/Users/Ricor/OneDrive/Documents/Unreal Projects/GamesJam3Self/Content/Blueprints/Items/ItemActors/BP_SwordGreen.uasset" 233
"C:/Users/Ricor/OneDrive/Documents/Unreal Projects/GamesJam3Self/Content/Blueprints/Items/ItemActors/BP_SwordGreen.uexp" 234
"C:/Users/Ricor/OneDrive/Documents/Unreal Projects/GamesJam3Self/Content/Blueprints/Items/ItemActors/BP_BootsGreen.uasset" 235
"C:/Users/Ricor/OneDrive/Documents/Unreal Projects/GamesJam3Self/Content/Blueprints/Items/ItemActors/BP_BootsGreen.uexp" 236
"C:/Users/Ricor/OneDrive/Documents/Unreal Projects/GamesJam3Self/Content/Blueprints/Items/ItemActors/BP_HatGreen.uasset" 237
"C:/Users/Ricor/OneDrive/Documents/Unreal Projects/GamesJam3Self/Content/Blueprints/Items/ItemActors/BP_HatGreen.uexp" 238
"C:/Users/Ricor/OneDrive/Documents/Unreal Projects/GamesJam3Self/Content/Blueprints/Items/ItemActors/BP_HatPurple.uasset" 239
"C:/Users/Ricor/OneDrive/Documents/Unreal Projects/GamesJam3Self/Content/Blueprints/Items/ItemActors/BP_HatPurple.uexp" 240
"C:/Users/Ricor/OneDrive/Documents/Unreal Projects/GamesJam3Self/Content/Blueprints/Items/BP_Chest.uasset" 241
"C:/Users/Ricor/OneDrive/Documents/Unreal Projects/GamesJam3Self/Content/Blueprints/Items/BP_Chest.uexp" 242
"C:/Users/Ricor/OneDrive/Documents/Unreal Projects/GamesJam3Self/Content/Blueprints/HUD/WBP_ItemBox.uasset" 243
"C:/Users/Ricor/OneDrive/Documents/Unreal Projects/GamesJam3Self/Content/Blueprints/HUD/WBP_ItemBox.uexp" 244
"C:/Users/Ricor/OneDrive/Documents/Unreal Projects/GamesJam3Self/Content/Blueprints/HUD/WBP_Shop.uasset" 245
"C:/Users/Ricor/OneDrive/Documents/Unreal Projects/GamesJam3Self/Content/Blueprints/HUD/WBP_Shop.uexp" 246
"C:/Users/Ricor/OneDrive/Documents/Unreal Projects/GamesJam3Self/Content/Blueprints/Player/Mesh/OgreDeath.uasset" 247
"C:/Users/Ricor/OneDrive/Documents/Unreal Projects/GamesJam3Self/Content/Blueprints/Player/Mesh/OgreDeath.uexp" 248
"C:/Users/Ricor/OneDrive/Documents/Unreal Projects/GamesJam3Self/Content/Blueprints/Player/Mesh/AM_Death.uasset" 249
"C:/Users/Ricor/OneDrive/Documents/Unreal Projects/GamesJam3Self/Content/Blueprints/Player/Mesh/AM_Death.uexp" 250
"C:/Users/Ricor/OneDrive/Documents/Unreal Projects/GamesJam3Self/Content/_GENERATED/1900570/Boot_Mesh.ubulk" 251
"C:/Users/Ricor/OneDrive/Documents/Unreal Projects/GamesJam3Self/Content/_GENERATED/1900570/Boot_Mesh.uasset" 252
"C:/Users/Ricor/OneDrive/Documents/Unreal Projects/GamesJam3Self/Content/_GENERATED/1900570/Boot_Mesh.uexp" 253
"../../../Engine/Content/BasicShapes/Cube.ubulk" 254
"../../../Engine/Content/BasicShapes/Cube.uasset" 255
"../../../Engine/Content/BasicShapes/Cube.uexp" 256
"C:/Users/Ricor/OneDrive/Documents/Unreal Projects/GamesJam3Self/Content/Blueprints/M_Field.uasset" 257
"C:/Users/Ricor/OneDrive/Documents/Unreal Projects/GamesJam3Self/Content/Blueprints/M_Field.uexp" 258
"C:/Users/Ricor/OneDrive/Documents/Unreal Projects/GamesJam3Self/Content/Blueprints/BP_ShopWall.uasset" 259
"C:/Users/Ricor/OneDrive/Documents/Unreal Projects/GamesJam3Self/Content/Blueprints/BP_ShopWall.uexp" 260
"C:/Users/Ricor/OneDrive/Documents/Unreal Projects/GamesJam3Self/Content/Blueprints/HUD/WBP_Timer.uasset" 261
"C:/Users/Ricor/OneDrive/Documents/Unreal Projects/GamesJam3Self/Content/Blueprints/HUD/WBP_Timer.uexp" 262
"C:/Users/Ricor/OneDrive/Documents/Unreal Projects/GamesJam3Self/Content/Blueprints/Player/Mesh/AttackAnimations/Standing_Melee_Attack_360_Low.uasset" 263
"C:/Users/Ricor/OneDrive/Documents/Unreal Projects/GamesJam3Self/Content/Blueprints/Player/Mesh/AttackAnimations/Standing_Melee_Attack_360_Low.uexp" 264
"C:/Users/Ricor/OneDrive/Documents/Unreal Projects/GamesJam3Self/Content/Blueprints/Player/Mesh/AttackAnimations/AM_Attack3.uasset" 265
"C:/Users/Ricor/OneDrive/Documents/Unreal Projects/GamesJam3Self/Content/Blueprints/Player/Mesh/AttackAnimations/AM_Attack3.uexp" 266
"C:/Users/Ricor/OneDrive/Documents/Unreal Projects/GamesJam3Self/Content/Blueprints/HUD/WBP_RespwanTimer.uasset" 267
"C:/Users/Ricor/OneDrive/Documents/Unreal Projects/GamesJam3Self/Content/Blueprints/HUD/WBP_RespwanTimer.uexp" 268
"C:/Users/Ricor/OneDrive/Documents/Unreal Projects/GamesJam3Self/Content/Blueprints/Player/BP_PlayerCharacterParent.uasset" 269
"C:/Users/Ricor/OneDrive/Documents/Unreal Projects/GamesJam3Self/Content/Blueprints/Player/BP_PlayerCharacterParent.uexp" 270
"C:/Users/Ricor/OneDrive/Documents/Unreal Projects/GamesJam3Self/Content/Blueprints/BP_ShopBox.uasset" 271
"C:/Users/Ricor/OneDrive/Documents/Unreal Projects/GamesJam3Self/Content/Blueprints/BP_ShopBox.uexp" 272
"C:/Users/Ricor/OneDrive/Documents/Unreal Projects/GamesJam3Self/Content/Blueprints/Player/BP_GameMode.uasset" 273
"C:/Users/Ricor/OneDrive/Documents/Unreal Projects/GamesJam3Self/Content/Blueprints/Player/BP_GameMode.uexp" 274
"C:/Users/Ricor/OneDrive/Documents/Unreal Projects/GamesJam3Self/Content/Blueprints/Player/Mesh/OgreWalking_Anim_mixamo_com.uasset" 275
"C:/Users/Ricor/OneDrive/Documents/Unreal Projects/GamesJam3Self/Content/Blueprints/Player/Mesh/OgreWalking_Anim_mixamo_com.uexp" 276
"C:/Users/Ricor/OneDrive/Documents/Unreal Projects/GamesJam3Self/Content/Blueprints/Player/Mesh/OgreTpose_Anim.uasset" 277
"C:/Users/Ricor/OneDrive/Documents/Unreal Projects/GamesJam3Self/Content/Blueprints/Player/Mesh/OgreTpose_Anim.uexp" 278
"C:/Users/Ricor/OneDrive/Documents/Unreal Projects/GamesJam3Self/Content/Blueprints/Items/e_BitMask.uasset" 279
"C:/Users/Ricor/OneDrive/Documents/Unreal Projects/GamesJam3Self/Content/Blueprints/Items/e_BitMask.uexp" 280
"C:/Users/Ricor/OneDrive/Documents/Unreal Projects/GamesJam3Self/Content/Blueprints/Enemies/BP_MeleeEnemyMiniBoss.uasset" 281
"C:/Users/Ricor/OneDrive/Documents/Unreal Projects/GamesJam3Self/Content/Blueprints/Enemies/BP_MeleeEnemyMiniBoss.uexp" 282
"C:/Users/Ricor/OneDrive/Documents/Unreal Projects/GamesJam3Self/Content/Blueprints/Enemies/BP_EnemyGroup.uasset" 283
"C:/Users/Ricor/OneDrive/Documents/Unreal Projects/GamesJam3Self/Content/Blueprints/Enemies/BP_EnemyGroup.uexp" 284
"C:/Users/Ricor/OneDrive/Documents/Unreal Projects/GamesJam3Self/Content/Blueprints/Enemies/Mesh/BS_ImpBlendSpace.uasset" 285
"C:/Users/Ricor/OneDrive/Documents/Unreal Projects/GamesJam3Self/Content/Blueprints/Enemies/Mesh/BS_ImpBlendSpace.uexp" 286
"C:/Users/Ricor/OneDrive/Documents/Unreal Projects/GamesJam3Self/Content/Blueprints/Enemies/BT/BTT_GetPlayerLocation.uasset" 287
"C:/Users/Ricor/OneDrive/Documents/Unreal Projects/GamesJam3Self/Content/Blueprints/Enemies/BT/BTT_GetPlayerLocation.uexp" 288
"../../../Engine/Content/EditorLandscapeResources/DefaultAlphaTexture.uasset" 289
"../../../Engine/Content/EditorLandscapeResources/DefaultAlphaTexture.uexp" 290
"../../../Engine/Content/EditorLandscapeResources/DataLayer.uasset" 291
"../../../Engine/Content/EditorLandscapeResources/DataLayer.uexp" 292
"../../../Engine/Content/EditorMaterials/PreviewShadowIndicator.ubulk" 293
"../../../Engine/Content/EditorMaterials/PreviewShadowIndicator.uasset" 294
"../../../Engine/Content/EditorMaterials/PreviewShadowIndicator.uexp" 295
"../../../Engine/Content/EditorMaterials/PreviewShadowIndicatorMaterial.uasset" 296
"../../../Engine/Content/EditorMaterials/PreviewShadowIndicatorMaterial.uexp" 297
"../../../Engine/Content/EditorMaterials/MAT_Groups_Visibility.uasset" 298
"../../../Engine/Content/EditorMaterials/MAT_Groups_Visibility.uexp" 299
"../../../Engine/Content/EditorMaterials/MAT_Groups_Toggle.uasset" 300
"../../../Engine/Content/EditorMaterials/MAT_Groups_Toggle.uexp" 301
"../../../Engine/Content/EditorMaterials/MatineeGroups/MAT_Groups_Vector.uasset" 302
"../../../Engine/Content/EditorMaterials/MatineeGroups/MAT_Groups_Vector.uexp" 303
"../../../Engine/Content/EditorMaterials/MatineeGroups/MAT_Groups_Sound.uasset" 304
"../../../Engine/Content/EditorMaterials/MatineeGroups/MAT_Groups_Sound.uexp" 305
"../../../Engine/Content/EditorMaterials/MatineeGroups/MAT_Groups_Slomo.uasset" 306
"../../../Engine/Content/EditorMaterials/MatineeGroups/MAT_Groups_Slomo.uexp" 307
"../../../Engine/Content/EditorMaterials/MatineeGroups/MAT_Groups_Move.uasset" 308
"../../../Engine/Content/EditorMaterials/MatineeGroups/MAT_Groups_Move.uexp" 309
"../../../Engine/Content/EditorMaterials/ParticleSystems/PSysThumbnail_OOD.ubulk" 310
"../../../Engine/Content/EditorMaterials/ParticleSystems/PSysThumbnail_OOD.uasset" 311
"../../../Engine/Content/EditorMaterials/ParticleSystems/PSysThumbnail_OOD.uexp" 312
"../../../Engine/Content/EditorMaterials/ParticleSystems/PSysThumbnail_NoImage.ubulk" 313
"../../../Engine/Content/EditorMaterials/ParticleSystems/PSysThumbnail_NoImage.uasset" 314
"../../../Engine/Content/EditorMaterials/ParticleSystems/PSysThumbnail_NoImage.uexp" 315
"../../../Engine/Content/EditorMaterials/MatineeGroups/MAT_Groups_Float.uasset" 316
"../../../Engine/Content/EditorMaterials/MatineeGroups/MAT_Groups_Float.uexp" 317
"../../../Engine/Content/EditorMaterials/MatineeGroups/MAT_Groups_Fade.uasset" 318
"../../../Engine/Content/EditorMaterials/MatineeGroups/MAT_Groups_Fade.uexp" 319
"../../../Engine/Content/EditorMaterials/MatineeGroups/MAT_Groups_Event.uasset" 320
"../../../Engine/Content/EditorMaterials/MatineeGroups/MAT_Groups_Event.uexp" 321
"../../../Engine/Content/EditorMaterials/MatineeGroups/MAT_Groups_Director.uasset" 322
"../../../Engine/Content/EditorMaterials/MatineeGroups/MAT_Groups_Director.uexp" 323
"../../../Engine/Content/EditorMaterials/MatineeGroups/MAT_Groups_AudioMaster.uasset" 324
"../../../Engine/Content/EditorMaterials/MatineeGroups/MAT_Groups_AudioMaster.uexp" 325
"../../../Engine/Content/EditorMaterials/MatineeGroups/MAT_Groups_Anim.uasset" 326
"../../../Engine/Content/EditorMaterials/MatineeGroups/MAT_Groups_Anim.uexp" 327
"../../../Engine/Content/EditorMaterials/MatineeGroups/MAT_ColorTrack.uasset" 328
"../../../Engine/Content/EditorMaterials/MatineeGroups/MAT_ColorTrack.uexp" 329
"../../../Engine/Content/Functions/Engine_MaterialFunctions02/Utility/MakeFloat3.uasset" 330
"../../../Engine/Content/Functions/Engine_MaterialFunctions02/Utility/MakeFloat3.uexp" 331
"../../../Engine/Content/Functions/Engine_MaterialFunctions02/Utility/BreakOutFloat3Components.uasset" 332
"../../../Engine/Content/Functions/Engine_MaterialFunctions02/Utility/BreakOutFloat3Components.uexp" 333
"../../../Engine/Content/EditorMaterials/WorldPartition/WorldPartitionSpatialHashGridPreviewMaterial.uasset" 334
"../../../Engine/Content/EditorMaterials/WorldPartition/WorldPartitionSpatialHashGridPreviewMaterial.uexp" 335
"../../../Engine/Content/EditorMaterials/Camera/CineMat.uasset" 336
"../../../Engine/Content/EditorMaterials/Camera/CineMat.uexp" 337
"../../../Engine/Content/EditorMaterials/Camera/MI_CineMat_Rig.uasset" 338
"../../../Engine/Content/EditorMaterials/Camera/MI_CineMat_Rig.uexp" 339
"../../../Engine/Content/EditorMeshes/Camera/SM_RailRig_Track.ubulk" 340
"../../../Engine/Content/EditorMeshes/Camera/SM_RailRig_Track.uasset" 341
"../../../Engine/Content/EditorMeshes/Camera/SM_RailRig_Track.uexp" 342
"../../../Engine/Content/EditorMeshes/Camera/SM_RailRig_Mount.ubulk" 343
"../../../Engine/Content/EditorMeshes/Camera/SM_RailRig_Mount.uasset" 344
"../../../Engine/Content/EditorMeshes/Camera/SM_RailRig_Mount.uexp" 345
"../../../Engine/Content/EditorMeshes/Camera/SM_CraneRig_Mount.ubulk" 346
"../../../Engine/Content/EditorMeshes/Camera/SM_CraneRig_Mount.uasset" 347
"../../../Engine/Content/EditorMeshes/Camera/SM_CraneRig_Mount.uexp" 348
"../../../Engine/Content/EditorMeshes/Camera/SM_CraneRig_Body.ubulk" 349
"../../../Engine/Content/EditorMeshes/Camera/SM_CraneRig_Body.uasset" 350
"../../../Engine/Content/EditorMeshes/Camera/SM_CraneRig_Body.uexp" 351
"../../../Engine/Content/EditorMeshes/Camera/SM_CraneRig_Base.ubulk" 352
"../../../Engine/Content/EditorMeshes/Camera/SM_CraneRig_Base.uasset" 353
"../../../Engine/Content/EditorMeshes/Camera/SM_CraneRig_Base.uexp" 354
"../../../Engine/Content/EditorMeshes/Camera/SM_CraneRig_Arm.ubulk" 355
"../../../Engine/Content/EditorMeshes/Camera/SM_CraneRig_Arm.uasset" 356
"../../../Engine/Content/EditorMeshes/Camera/SM_CraneRig_Arm.uexp" 357
"../../../Engine/Content/EditorResources/S_TriggerSphere.uasset" 358
"../../../Engine/Content/EditorResources/S_TriggerSphere.uexp" 359
"../../../Engine/Content/EditorResources/S_TriggerCapsule.uasset" 360
"../../../Engine/Content/EditorResources/S_TriggerCapsule.uexp" 361
"../../../Engine/Content/EditorResources/S_TriggerBox.uasset" 362
"../../../Engine/Content/EditorResources/S_TriggerBox.uexp" 363
"../../../Engine/Content/EditorResources/S_Trigger.ubulk" 364
"../../../Engine/Content/EditorResources/S_Trigger.uasset" 365
"../../../Engine/Content/EditorResources/S_Trigger.uexp" 366
"../../../Engine/Content/EditorResources/S_Terrain.ubulk" 367
"../../../Engine/Content/EditorResources/S_Terrain.uasset" 368
"../../../Engine/Content/EditorResources/S_Terrain.uexp" 369
"../../../Engine/Content/EditorResources/S_Solver.ubulk" 370
"../../../Engine/Content/EditorResources/S_Solver.uasset" 371
"../../../Engine/Content/EditorResources/S_Solver.uexp" 372
"../../../Engine/Content/EditorResources/S_BoxReflectionCapture.uasset" 373
"../../../Engine/Content/EditorResources/S_BoxReflectionCapture.uexp" 374
"../../../Engine/Content/EditorResources/S_Actor.ubulk" 375
"../../../Engine/Content/EditorResources/S_Actor.uasset" 376
"../../../Engine/Content/EditorResources/S_Actor.uexp" 377
"../../../Engine/Content/EditorResources/EmptyActor.uasset" 378
"../../../Engine/Content/EditorResources/EmptyActor.uexp" 379
"../../../Engine/Content/EditorResources/BSPVertex.uasset" 380
"../../../Engine/Content/EditorResources/BSPVertex.uexp" 381
"../../../Engine/Content/EditorResources/SequenceRecorder/RecordingIndicator.uasset" 382
"../../../Engine/Content/EditorResources/SequenceRecorder/RecordingIndicator.uexp" 383
"../../../Engine/Content/EditorResources/SequenceRecorder/Countdown.uasset" 384
"../../../Engine/Content/EditorResources/SequenceRecorder/Countdown.uexp" 385
"../../../Engine/Content/EngineDamageTypes/DmgTypeBP_Environmental.uasset" 386
"../../../Engine/Content/EngineDamageTypes/DmgTypeBP_Environmental.uexp" 387
"../../../Engine/Content/Functions/Engine_MaterialFunctions02/Utility/CameraDirectionVector.uasset" 388
"../../../Engine/Content/Functions/Engine_MaterialFunctions02/Utility/CameraDirectionVector.uexp" 389
"../../../Engine/Content/EngineDebugMaterials/VolumeToRender.uasset" 390
"../../../Engine/Content/EngineDebugMaterials/VolumeToRender.uexp" 391
"../../../Engine/Content/EngineDebugMaterials/M_VolumeRenderSphereTracePP.uasset" 392
"../../../Engine/Content/EngineDebugMaterials/M_VolumeRenderSphereTracePP.uexp" 393
"../../../Engine/Content/EngineDebugMaterials/M_SimpleUnlitTranslucent.uasset" 394
"../../../Engine/Content/EngineDebugMaterials/M_SimpleUnlitTranslucent.uexp" 395
"../../../Engine/Content/EngineDebugMaterials/DebugMeshMaterial.uasset" 396
"../../../Engine/Content/EngineDebugMaterials/DebugMeshMaterial.uexp" 397
"../../../Engine/Content/EngineDebugMaterials/DebugEditorMaterial.uasset" 398
"../../../Engine/Content/EngineDebugMaterials/DebugEditorMaterial.uexp" 399
"../../../Engine/Content/EngineFonts/Faces/RobotoLight.uexp" 400
"../../../Engine/Content/EngineFonts/Faces/RobotoLight.uasset" 401
"../../../Engine/Content/EngineFonts/Faces/RobotoLight.ufont" 402
"../../../Engine/Content/EngineFonts/Faces/RobotoBold.uexp" 403
"../../../Engine/Content/EngineFonts/Faces/RobotoBold.uasset" 404
"../../../Engine/Content/EngineFonts/Faces/RobotoBold.ufont" 405
"../../../Engine/Content/EngineFonts/Faces/RobotoRegular.uexp" 406
"../../../Engine/Content/EngineFonts/Faces/RobotoRegular.uasset" 407
"../../../Engine/Content/EngineFonts/Faces/RobotoRegular.ufont" 408
"../../../Engine/Content/EngineFonts/Faces/DroidSansFallback.uexp" 409
"../../../Engine/Content/EngineFonts/Faces/DroidSansFallback.uasset" 410
"../../../Engine/Content/EngineFonts/Faces/DroidSansFallback.ufont" 411
"../../../Engine/Content/EngineFonts/Faces/RobotoItalic.uexp" 412
"../../../Engine/Content/EngineFonts/Faces/RobotoItalic.uasset" 413
"../../../Engine/Content/EngineFonts/Faces/RobotoItalic.ufont" 414
"../../../Engine/Content/EngineFonts/Faces/RobotoBoldItalic.uexp" 415
"../../../Engine/Content/EngineFonts/Faces/RobotoBoldItalic.uasset" 416
"../../../Engine/Content/EngineFonts/Faces/RobotoBoldItalic.ufont" 417
"../../../Engine/Content/EngineFonts/Roboto.uasset" 418
"../../../Engine/Content/EngineFonts/Roboto.uexp" 419
"../../../Engine/Content/EngineResources/WhiteSquareTexture.uasset" 420
"../../../Engine/Content/EngineResources/WhiteSquareTexture.uexp" 421
"../../../Engine/Content/EngineMaterials/Widget3DPassThrough.uasset" 422
"../../../Engine/Content/EngineMaterials/Widget3DPassThrough.uexp" 423
"../../../Engine/Content/EngineMaterials/Widget3DPassThrough_Translucent.uasset" 424
"../../../Engine/Content/EngineMaterials/Widget3DPassThrough_Translucent.uexp" 425
"../../../Engine/Content/EngineMaterials/Widget3DPassThrough_Translucent_OneSided.uasset" 426
"../../../Engine/Content/EngineMaterials/Widget3DPassThrough_Translucent_OneSided.uexp" 427
"../../../Engine/Content/EngineMaterials/Widget3DPassThrough_Opaque.uasset" 428
"../../../Engine/Content/EngineMaterials/Widget3DPassThrough_Opaque.uexp" 429
"../../../Engine/Content/EngineMaterials/Widget3DPassThrough_Opaque_OneSided.uasset" 430
"../../../Engine/Content/EngineMaterials/Widget3DPassThrough_Opaque_OneSided.uexp" 431
"../../../Engine/Content/EngineMaterials/Widget3DPassThrough_Masked_OneSided.uasset" 432
"../../../Engine/Content/EngineMaterials/Widget3DPassThrough_Masked_OneSided.uexp" 433
"../../../Engine/Content/EngineMaterials/Widget3DPassThrough_Masked.uasset" 434
"../../../Engine/Content/EngineMaterials/Widget3DPassThrough_Masked.uexp" 435
"../../../Engine/Content/EngineMaterials/WeightMapPlaceholderTexture.uasset" 436
"../../../Engine/Content/EngineMaterials/WeightMapPlaceholderTexture.uexp" 437
"../../../Engine/Content/EngineMaterials/RemoveSurfaceMaterial.uasset" 438
"../../../Engine/Content/EngineMaterials/RemoveSurfaceMaterial.uexp" 439
"../../../Engine/Content/EngineMaterials/PreintegratedSkinBRDF.uasset" 440
"../../../Engine/Content/EngineMaterials/PreintegratedSkinBRDF.uexp" 441
"../../../Engine/Content/EngineMaterials/DefaultCalibrationGrayscale.uasset" 442
"../../../Engine/Content/EngineMaterials/DefaultCalibrationGrayscale.uexp" 443
"../../../Engine/Content/EngineMaterials/PPM_DefaultCalibrationGrayscale.uasset" 444
"../../../Engine/Content/EngineMaterials/PPM_DefaultCalibrationGrayscale.uexp" 445
"../../../Engine/Content/EngineMaterials/DefaultCalibrationColor.uasset" 446
"../../../Engine/Content/EngineMaterials/DefaultCalibrationColor.uexp" 447
"../../../Engine/Content/EngineMaterials/PPM_DefaultCalibrationColor.uasset" 448
"../../../Engine/Content/EngineMaterials/PPM_DefaultCalibrationColor.uexp" 449
"../../../Engine/Content/Functions/Engine_MaterialFunctions02/WorldPositionOffset/CameraOffset.uasset" 450
"../../../Engine/Content/Functions/Engine_MaterialFunctions02/WorldPositionOffset/CameraOffset.uexp" 451
"../../../Engine/Content/EngineMaterials/PhAT_JointLimitMaterial.uasset" 452
"../../../Engine/Content/EngineMaterials/PhAT_JointLimitMaterial.uexp" 453
"../../../Engine/Content/EngineMaterials/InvalidLightmapSettings.ubulk" 454
"../../../Engine/Content/EngineMaterials/InvalidLightmapSettings.uasset" 455
"../../../Engine/Content/EngineMaterials/InvalidLightmapSettings.uexp" 456
"../../../Engine/Content/EngineMaterials/M_InvalidLightmapSettings.uasset" 457
"../../../Engine/Content/EngineMaterials/M_InvalidLightmapSettings.uexp" 458
"../../../Engine/Content/EngineMaterials/MiniFont.uasset" 459
"../../../Engine/Content/EngineMaterials/MiniFont.uexp" 460
"../../../Engine/Content/EngineMeshes/Sphere.ubulk" 461
"../../../Engine/Content/EngineMeshes/Sphere.uasset" 462
"../../../Engine/Content/EngineMeshes/Sphere.uexp" 463
"../../../Engine/Content/EngineMaterials/Good64x64TilingNoiseHighFreq.uasset" 464
"../../../Engine/Content/EngineMaterials/Good64x64TilingNoiseHighFreq.uexp" 465
"../../../Engine/Content/EngineMaterials/GizmoMaterial.uasset" 466
"../../../Engine/Content/EngineMaterials/GizmoMaterial.uexp" 467
"../../../Engine/Content/EngineMaterials/BaseFlattenEmissiveMap_VT.uasset" 468
"../../../Engine/Content/EngineMaterials/BaseFlattenEmissiveMap_VT.uexp" 469
"../../../Engine/Content/EngineMaterials/BaseFlattenGrayscaleMap_VT.uasset" 470
"../../../Engine/Content/EngineMaterials/BaseFlattenGrayscaleMap_VT.uexp" 471
"../../../Engine/Content/EngineMaterials/BaseFlattenLinearColor_VT.uasset" 472
"../../../Engine/Content/EngineMaterials/BaseFlattenLinearColor_VT.uexp" 473
"../../../Engine/Content/EngineMaterials/Black_1x1_EXR_Texture_VT.uasset" 474
"../../../Engine/Content/EngineMaterials/Black_1x1_EXR_Texture_VT.uexp" 475
"../../../Engine/Content/EngineMaterials/BaseFlattenDiffuseMap_VT.uasset" 476
"../../../Engine/Content/EngineMaterials/BaseFlattenDiffuseMap_VT.uexp" 477
"../../../Engine/Content/EngineMaterials/BaseFlattenNormalMap_VT.uasset" 478
"../../../Engine/Content/EngineMaterials/BaseFlattenNormalMap_VT.uexp" 479
"../../../Engine/Content/EngineMaterials/FlattenMaterial_WS_Normal_VT.uasset" 480
"../../../Engine/Content/EngineMaterials/FlattenMaterial_WS_Normal_VT.uexp" 481
"../../../Engine/Content/EngineMaterials/FlattenMaterial_VT.uasset" 482
"../../../Engine/Content/EngineMaterials/FlattenMaterial_VT.uexp" 483
"../../../Engine/Content/EngineMaterials/BaseFlattenNormalMap.uasset" 484
"../../../Engine/Content/EngineMaterials/BaseFlattenNormalMap.uexp" 485
"../../../Engine/Content/EngineMaterials/BaseFlattenGrayscaleMap.uasset" 486
"../../../Engine/Content/EngineMaterials/BaseFlattenGrayscaleMap.uexp" 487
"../../../Engine/Content/EngineMaterials/BaseFlattenDiffuseMap.uasset" 488
"../../../Engine/Content/EngineMaterials/BaseFlattenDiffuseMap.uexp" 489
"../../../Engine/Content/Functions/Engine_MaterialFunctions02/PivotPainter2/Black_1x1_EXR_Texture.uasset" 490
"../../../Engine/Content/Functions/Engine_MaterialFunctions02/PivotPainter2/Black_1x1_EXR_Texture.uexp" 491
"../../../Engine/Content/EngineMaterials/BaseFlattenEmissiveMap.uasset" 492
"../../../Engine/Content/EngineMaterials/BaseFlattenEmissiveMap.uexp" 493
"../../../Engine/Content/EngineMaterials/BaseFlattenLinearColor.uasset" 494
"../../../Engine/Content/EngineMaterials/BaseFlattenLinearColor.uexp" 495
"../../../Engine/Content/EngineMaterials/FlattenMaterial.uasset" 496
"../../../Engine/Content/EngineMaterials/FlattenMaterial.uexp" 497
"../../../Engine/Content/EngineMaterials/DefaultWhiteGrid_Low.uasset" 498
"../../../Engine/Content/EngineMaterials/DefaultWhiteGrid_Low.uexp" 499
"../../../Engine/Content/EngineMaterials/EmissiveMeshMaterial.uasset" 500
"../../../Engine/Content/EngineMaterials/EmissiveMeshMaterial.uexp" 501
"../../../Engine/Content/EngineMaterials/DefaultWhiteGrid.ubulk" 502
"../../../Engine/Content/EngineMaterials/DefaultWhiteGrid.uasset" 503
"../../../Engine/Content/EngineMaterials/DefaultWhiteGrid.uexp" 504
"../../../Engine/Content/EngineFonts/RobotoDistanceField.uasset" 505
"../../../Engine/Content/EngineFonts/RobotoDistanceField.uexp" 506
"../../../Engine/Content/EngineMaterials/DefaultTextMaterialOpaque.uasset" 507
"../../../Engine/Content/EngineMaterials/DefaultTextMaterialOpaque.uexp" 508
"../../../Engine/Content/EngineMaterials/DefaultDiffuse.ubulk" 509
"../../../Engine/Content/EngineMaterials/DefaultDiffuse.uasset" 510
"../../../Engine/Content/EngineMaterials/DefaultDiffuse.uexp" 511
"../../../Engine/Content/Functions/Engine_MaterialFunctions02/Utility/BreakOutFloat2Components.uasset" 512
"../../../Engine/Content/Functions/Engine_MaterialFunctions02/Utility/BreakOutFloat2Components.uexp" 513
"../../../Engine/Content/EngineMaterials/DefaultPostProcessMaterial.uasset" 514
"../../../Engine/Content/EngineMaterials/DefaultPostProcessMaterial.uexp" 515
"../../../Engine/Content/EngineMaterials/DefaultPhysicalMaterial.uasset" 516
"../../../Engine/Content/EngineMaterials/DefaultPhysicalMaterial.uexp" 517
"../../../Engine/Content/EngineMaterials/DefaultLightFunctionMaterial.uasset" 518
"../../../Engine/Content/EngineMaterials/DefaultLightFunctionMaterial.uexp" 519
"../../../Engine/Content/EngineMaterials/DefaultDestructiblePhysicalMaterial.uasset" 520
"../../../Engine/Content/EngineMaterials/DefaultDestructiblePhysicalMaterial.uexp" 521
"../../../Engine/Content/EngineMaterials/DefaultDeferredDecalMaterial.uasset" 522
"../../../Engine/Content/EngineMaterials/DefaultDeferredDecalMaterial.uexp" 523
"../../../Engine/Content/EngineMaterials/DefaultBokeh.uasset" 524
"../../../Engine/Content/EngineMaterials/DefaultBokeh.uexp" 525
"../../../Engine/Content/EngineMaterials/DefaultBloomKernel.uasset" 526
"../../../Engine/Content/EngineMaterials/DefaultBloomKernel.uexp" 527
"../../../Engine/Content/EngineMaterials/BlueNoise.uasset" 528
"../../../Engine/Content/EngineMaterials/BlueNoise.uexp" 529
"../../../Engine/Content/EngineResources/GradientTexture0.uasset" 530
"../../../Engine/Content/EngineResources/GradientTexture0.uexp" 531
"../../../Engine/Content/EngineResources/DefaultVolumeTexture2D.uasset" 532
"../../../Engine/Content/EngineResources/DefaultVolumeTexture2D.uexp" 533
"../../../Engine/Content/EngineResources/DefaultVolumeTexture.uasset" 534
"../../../Engine/Content/EngineResources/DefaultVolumeTexture.uexp" 535
"../../../Engine/Content/EngineResources/DefaultTextureCube.uasset" 536
"../../../Engine/Content/EngineResources/DefaultTextureCube.uexp" 537
"../../../Engine/Content/EngineResources/DefaultTexture.ubulk" 538
"../../../Engine/Content/EngineResources/DefaultTexture.uasset" 539
"../../../Engine/Content/EngineResources/DefaultTexture.uexp" 540
"../../../Engine/Content/EngineResources/Black.uasset" 541
"../../../Engine/Content/EngineResources/Black.uexp" 542
"../../../Engine/Content/EngineResources/FilmGrains/Marcie_Grain_v3_128_M2_000.uasset" 543
"../../../Engine/Content/EngineResources/FilmGrains/Marcie_Grain_v3_128_M2_000.uexp" 544
"../../../Engine/Content/EngineSky/T_Sky_Stars.ubulk" 545
"../../../Engine/Content/EngineSky/T_Sky_Stars.uasset" 546
"../../../Engine/Content/EngineSky/T_Sky_Stars.uexp" 547
"../../../Engine/Content/EngineSky/T_Sky_Clouds_M.ubulk" 548
"../../../Engine/Content/EngineSky/T_Sky_Clouds_M.uasset" 549
"../../../Engine/Content/EngineSky/T_Sky_Clouds_M.uexp" 550
"../../../Engine/Content/EngineSky/T_Sky_Blue.ubulk" 551
"../../../Engine/Content/EngineSky/T_Sky_Blue.uasset" 552
"../../../Engine/Content/EngineSky/T_Sky_Blue.uexp" 553
"../../../Engine/Content/EngineSky/M_Sky_Panning_Clouds2.uasset" 554
"../../../Engine/Content/EngineSky/M_Sky_Panning_Clouds2.uexp" 555
"../../../Engine/Content/EngineSky/SM_SkySphere.ubulk" 556
"../../../Engine/Content/EngineSky/SM_SkySphere.uasset" 557
"../../../Engine/Content/EngineSky/SM_SkySphere.uexp" 558
"../../../Engine/Content/EngineSky/M_SimpleSkyDome.uasset" 559
"../../../Engine/Content/EngineSky/M_SimpleSkyDome.uexp" 560
"../../../Engine/Content/EngineSky/VolumetricClouds/CloudWeatherTexture.uasset" 561
"../../../Engine/Content/EngineSky/VolumetricClouds/CloudWeatherTexture.uexp" 562
"../../../Engine/Content/Functions/Engine_MaterialFunctions02/Utility/MakeFloat2.uasset" 563
"../../../Engine/Content/Functions/Engine_MaterialFunctions02/Utility/MakeFloat2.uexp" 564
"../../../Engine/Content/EngineSky/VolumetricClouds/CloudGradientTexture.uasset" 565
"../../../Engine/Content/EngineSky/VolumetricClouds/CloudGradientTexture.uexp" 566
"../../../Engine/Content/EngineSky/VolumetricClouds/T_NoiseShape64.ubulk" 567
"../../../Engine/Content/EngineSky/VolumetricClouds/T_NoiseShape64.uasset" 568
"../../../Engine/Content/EngineSky/VolumetricClouds/T_NoiseShape64.uexp" 569
"../../../Engine/Content/EngineSky/VolumetricClouds/T_VolumeNoiseShape64.uasset" 570
"../../../Engine/Content/EngineSky/VolumetricClouds/T_VolumeNoiseShape64.uexp" 571
"../../../Engine/Content/EngineSky/VolumetricClouds/T_NoiseErosion.ubulk" 572
"../../../Engine/Content/EngineSky/VolumetricClouds/T_NoiseErosion.uasset" 573
"../../../Engine/Content/EngineSky/VolumetricClouds/T_NoiseErosion.uexp" 574
"../../../Engine/Content/EngineSky/VolumetricClouds/T_VolumeNoiseErosion32.uasset" 575
"../../../Engine/Content/EngineSky/VolumetricClouds/T_VolumeNoiseErosion32.uexp" 576
"../../../Engine/Content/EngineSky/VolumetricClouds/m_SimpleVolumetricCloud.uasset" 577
"../../../Engine/Content/EngineSky/VolumetricClouds/m_SimpleVolumetricCloud.uexp" 578
"../../../Engine/Content/EngineSky/VolumetricClouds/m_SimpleVolumetricCloud_Inst.uasset" 579
"../../../Engine/Content/EngineSky/VolumetricClouds/m_SimpleVolumetricCloud_Inst.uexp" 580
"../../../Engine/Content/EngineSounds/Master.uasset" 581
"../../../Engine/Content/EngineSounds/Master.uexp" 582
"../../../Engine/Content/Functions/Engine_MaterialFunctions01/Shading/PowerToRoughness.uasset" 583
"../../../Engine/Content/Functions/Engine_MaterialFunctions01/Shading/PowerToRoughness.uexp" 584
"../../../Engine/Content/Functions/Engine_MaterialFunctions01/Shading/ConvertFromDiffSpec.uasset" 585
"../../../Engine/Content/Functions/Engine_MaterialFunctions01/Shading/ConvertFromDiffSpec.uexp" 586
"../../../Engine/Content/MobileResources/HUD/VirtualJoystick_Background.uasset" 587
"../../../Engine/Content/MobileResources/HUD/VirtualJoystick_Background.uexp" 588
"../../../Engine/Content/MobileResources/HUD/VirtualJoystick_Thumb.uasset" 589
"../../../Engine/Content/MobileResources/HUD/VirtualJoystick_Thumb.uexp" 590
"../../../Engine/Content/MobileResources/HUD/DefaultVirtualJoysticks.uasset" 591
"../../../Engine/Content/MobileResources/HUD/DefaultVirtualJoysticks.uexp" 592
"../../../Engine/Content/EngineMaterials/BlendFunc_DefBlend.uasset" 593
"../../../Engine/Content/EngineMaterials/BlendFunc_DefBlend.uexp" 594
"../../../Engine/Content/EngineMaterials/BlendFunc_DefBase.uasset" 595
"../../../Engine/Content/EngineMaterials/BlendFunc_DefBase.uexp" 596
"../../../Engine/Content/Functions/Engine_MaterialFunctions03/Blends/Blend_Overlay.uasset" 597
"../../../Engine/Content/Functions/Engine_MaterialFunctions03/Blends/Blend_Overlay.uexp" 598
"../../../Engine/Content/OpenWorldTemplate/LandscapeMaterial/T_GridChecker_A.ubulk" 599
"../../../Engine/Content/OpenWorldTemplate/LandscapeMaterial/T_GridChecker_A.uasset" 600
"../../../Engine/Content/OpenWorldTemplate/LandscapeMaterial/T_GridChecker_A.uexp" 601
"../../../Engine/Content/Functions/Engine_MaterialFunctions01/Gradient/LinearGradient.uasset" 602
"../../../Engine/Content/Functions/Engine_MaterialFunctions01/Gradient/LinearGradient.uexp" 603
"../../../Engine/Content/Functions/Engine_MaterialFunctions01/ImageAdjustment/CheapContrast.uasset" 604
"../../../Engine/Content/Functions/Engine_MaterialFunctions01/ImageAdjustment/CheapContrast.uexp" 605
"../../../Engine/Content/OpenWorldTemplate/LandscapeMaterial/MF_ProcGrid.uasset" 606
"../../../Engine/Content/OpenWorldTemplate/LandscapeMaterial/MF_ProcGrid.uexp" 607
"../../../Engine/Content/OpenWorldTemplate/LandscapeMaterial/M_ProcGrid.uasset" 608
"../../../Engine/Content/OpenWorldTemplate/LandscapeMaterial/M_ProcGrid.uexp" 609
"../../../Engine/Content/Tutorial/ContentIntroCurve.uasset" 610
"../../../Engine/Content/Tutorial/ContentIntroCurve.uexp" 611
"../../../Engine/Content/VREditor/TransformGizmo/Main.uasset" 612
"../../../Engine/Content/VREditor/TransformGizmo/Main.uexp" 613
"../../../Engine/Content/VREditor/TransformGizmo/Xray.uasset" 614
"../../../Engine/Content/VREditor/TransformGizmo/Xray.uexp" 615
"../../../Engine/Content/VREditor/TransformGizmo/SM_Sequencer_Node.ubulk" 616
"../../../Engine/Content/VREditor/TransformGizmo/SM_Sequencer_Node.uasset" 617
"../../../Engine/Content/VREditor/TransformGizmo/SM_Sequencer_Node.uexp" 618
"../../../Engine/Content/VREditor/LaserPointer/VR_LaserPower_01.ubulk" 619
"../../../Engine/Content/VREditor/LaserPointer/VR_LaserPower_01.uasset" 620
"../../../Engine/Content/VREditor/LaserPointer/VR_LaserPower_01.uexp" 621
"../../../Engine/Content/VREditor/TransformGizmo/TransformGizmoMaterial.uasset" 622
"../../../Engine/Content/VREditor/TransformGizmo/TransformGizmoMaterial.uexp" 623
"../../../Engine/Content/VREditor/TransformGizmo/TranslucentTransformGizmoMaterial.uasset" 624
"../../../Engine/Content/VREditor/TransformGizmo/TranslucentTransformGizmoMaterial.uexp" 625
"../../../Engine/Content/VREditor/TransformGizmo/PlaneTranslationHandle.ubulk" 626
"../../../Engine/Content/VREditor/TransformGizmo/PlaneTranslationHandle.uasset" 627
"../../../Engine/Content/VREditor/TransformGizmo/PlaneTranslationHandle.uexp" 628
"../../../Engine/Content/VREditor/TransformGizmo/BoundingBoxEdge.ubulk" 629
"../../../Engine/Content/VREditor/TransformGizmo/BoundingBoxEdge.uasset" 630
"../../../Engine/Content/VREditor/TransformGizmo/BoundingBoxEdge.uexp" 631
"../../../Engine/Content/VREditor/TransformGizmo/BoundingBoxCorner.ubulk" 632
"../../../Engine/Content/VREditor/TransformGizmo/BoundingBoxCorner.uasset" 633
"../../../Engine/Content/VREditor/TransformGizmo/BoundingBoxCorner.uexp" 634
"../../../Engine/Plugins/2D/Paper2D/Content/PlaceholderTextures/DummySpriteTexture.ubulk" 635
"../../../Engine/Plugins/2D/Paper2D/Content/PlaceholderTextures/DummySpriteTexture.uasset" 636
"../../../Engine/Plugins/2D/Paper2D/Content/PlaceholderTextures/DummySpriteTexture.uexp" 637
"../../../Engine/Plugins/2D/Paper2D/Content/DefaultSpriteMaterial.uasset" 638
"../../../Engine/Plugins/2D/Paper2D/Content/DefaultSpriteMaterial.uexp" 639
"../../../Engine/Plugins/2D/Paper2D/Content/OpaqueUnlitSpriteMaterial.uasset" 640
"../../../Engine/Plugins/2D/Paper2D/Content/OpaqueUnlitSpriteMaterial.uexp" 641
"../../../Engine/Plugins/2D/Paper2D/Content/MaskedUnlitSpriteMaterial.uasset" 642
"../../../Engine/Plugins/2D/Paper2D/Content/MaskedUnlitSpriteMaterial.uexp" 643
"../../../Engine/Plugins/2D/Paper2D/Content/DummySprite.uasset" 644
"../../../Engine/Plugins/2D/Paper2D/Content/DummySprite.uexp" 645
"../../../Engine/Plugins/2D/Paper2D/Content/DefaultPaperTerrainMaterial.uasset" 646
"../../../Engine/Plugins/2D/Paper2D/Content/DefaultPaperTerrainMaterial.uexp" 647
"../../../Engine/Plugins/Editor/SpeedTreeImporter/Content/SpeedTree9/game_wind_noise.ubulk" 648
"../../../Engine/Plugins/Editor/SpeedTreeImporter/Content/SpeedTree9/game_wind_noise.uasset" 649
"../../../Engine/Plugins/Editor/SpeedTreeImporter/Content/SpeedTree9/game_wind_noise.uexp" 650
"../../../Engine/Plugins/Editor/SpeedTreeImporter/Content/SpeedTree9/UnpackDirection.uasset" 651
"../../../Engine/Plugins/Editor/SpeedTreeImporter/Content/SpeedTree9/UnpackDirection.uexp" 652
"../../../Engine/Content/Functions/Engine_MaterialFunctions02/ObjectLocalBounds.uasset" 653
"../../../Engine/Content/Functions/Engine_MaterialFunctions02/ObjectLocalBounds.uexp" 654
"../../../Engine/Content/Functions/Engine_MaterialFunctions02/UVs/BoundingBoxBased_0-1_UVW.uasset" 655
"../../../Engine/Content/Functions/Engine_MaterialFunctions02/UVs/BoundingBoxBased_0-1_UVW.uexp" 656
"../../../Engine/Content/Functions/Engine_MaterialFunctions02/Utility/VectorLength.uasset" 657
"../../../Engine/Content/Functions/Engine_MaterialFunctions02/Utility/VectorLength.uexp" 658
"../../../Engine/Plugins/Editor/SpeedTreeImporter/Content/SpeedTree9/UnpackInteger3.uasset" 659
"../../../Engine/Plugins/Editor/SpeedTreeImporter/Content/SpeedTree9/UnpackInteger3.uexp" 660
"../../../Engine/Plugins/Editor/SpeedTreeImporter/Content/SpeedTree9/SpeedTreeCameraFacing.uasset" 661
"../../../Engine/Plugins/Editor/SpeedTreeImporter/Content/SpeedTree9/SpeedTreeCameraFacing.uexp" 662
"../../../Engine/Content/Functions/Engine_MaterialFunctions02/WorldPositionOffset/ObjectScale.uasset" 663
"../../../Engine/Content/Functions/Engine_MaterialFunctions02/WorldPositionOffset/ObjectScale.uexp" 664
"../../../Engine/Content/Functions/Engine_MaterialFunctions02/SafeNormalize.uasset" 665
"../../../Engine/Content/Functions/Engine_MaterialFunctions02/SafeNormalize.uexp" 666
"../../../Engine/Plugins/Editor/SpeedTreeImporter/Content/SpeedTree9/SpeedTreeWindMotion.uasset" 667
"../../../Engine/Plugins/Editor/SpeedTreeImporter/Content/SpeedTree9/SpeedTreeWindMotion.uexp" 668
"../../../Engine/Plugins/Editor/SpeedTreeImporter/Content/SpeedTree9/SpeedTreeBranchMotion.uasset" 669
"../../../Engine/Plugins/Editor/SpeedTreeImporter/Content/SpeedTree9/SpeedTreeBranchMotion.uexp" 670
"../../../Engine/Plugins/Editor/SpeedTreeImporter/Content/SpeedTree9/SpeedTreeWind.uasset" 671
"../../../Engine/Plugins/Editor/SpeedTreeImporter/Content/SpeedTree9/SpeedTreeWind.uexp" 672
"../../../Engine/Plugins/Editor/SpeedTreeImporter/Content/SpeedTree9/EmptyNormal.uasset" 673
"../../../Engine/Plugins/Editor/SpeedTreeImporter/Content/SpeedTree9/EmptyNormal.uexp" 674
"../../../Engine/Plugins/Editor/SpeedTreeImporter/Content/SpeedTree9/Empty.uasset" 675
"../../../Engine/Plugins/Editor/SpeedTreeImporter/Content/SpeedTree9/Empty.uexp" 676
"../../../Engine/Plugins/Editor/SpeedTreeImporter/Content/SpeedTree9/SpeedTreeMaster.uasset" 677
"../../../Engine/Plugins/Editor/SpeedTreeImporter/Content/SpeedTree9/SpeedTreeMaster.uexp" 678
"../../../Engine/Plugins/Editor/SpeedTreeImporter/Content/SpeedTree9/SpeedTreeBillboard.uasset" 679
"../../../Engine/Plugins/Editor/SpeedTreeImporter/Content/SpeedTree9/SpeedTreeBillboard.uexp" 680
"../../../Engine/Plugins/Editor/SpeedTreeImporter/Content/SpeedTree9/SpeedTreeBillboardMaster.uasset" 681
"../../../Engine/Plugins/Editor/SpeedTreeImporter/Content/SpeedTree9/SpeedTreeBillboardMaster.uexp" 682
"../../../Engine/Plugins/Animation/ControlRig/Content/M_Manip.uasset" 683
"../../../Engine/Plugins/Animation/ControlRig/Content/M_Manip.uexp" 684
"../../../Engine/Plugins/Animation/ControlRig/Content/Controls/DefaultGizmoLibraryNormalized.uasset" 685
"../../../Engine/Plugins/Animation/ControlRig/Content/Controls/DefaultGizmoLibraryNormalized.uexp" 686
"../../../Engine/Plugins/Animation/ControlRig/Content/Controls/ControlRig_Wedge_solid.ubulk" 687
"../../../Engine/Plugins/Animation/ControlRig/Content/Controls/ControlRig_Wedge_solid.uasset" 688
"../../../Engine/Plugins/Animation/ControlRig/Content/Controls/ControlRig_Wedge_solid.uexp" 689
"../../../Engine/Plugins/Animation/ControlRig/Content/Controls/ControlRig_Wedge_3mm.ubulk" 690
"../../../Engine/Plugins/Animation/ControlRig/Content/Controls/ControlRig_Wedge_3mm.uasset" 691
"../../../Engine/Plugins/Animation/ControlRig/Content/Controls/ControlRig_Wedge_3mm.uexp" 692
"../../../Engine/Plugins/Animation/ControlRig/Content/Controls/ControlRig_Wedge_1mm.ubulk" 693
"../../../Engine/Plugins/Animation/ControlRig/Content/Controls/ControlRig_Wedge_1mm.uasset" 694
"../../../Engine/Plugins/Animation/ControlRig/Content/Controls/ControlRig_Wedge_1mm.uexp" 695
"../../../Engine/Plugins/Animation/ControlRig/Content/Controls/ControlRig_Triangle_solid.ubulk" 696
"../../../Engine/Plugins/Animation/ControlRig/Content/Controls/ControlRig_Triangle_solid.uasset" 697
"../../../Engine/Plugins/Animation/ControlRig/Content/Controls/ControlRig_Triangle_solid.uexp" 698
"../../../Engine/Plugins/Animation/ControlRig/Content/Controls/ControlRig_Triangle_3mm.ubulk" 699
"../../../Engine/Plugins/Animation/ControlRig/Content/Controls/ControlRig_Triangle_3mm.uasset" 700
"../../../Engine/Plugins/Animation/ControlRig/Content/Controls/ControlRig_Triangle_3mm.uexp" 701
"../../../Engine/Plugins/Animation/ControlRig/Content/Controls/ControlRig_Triangle_1mm.ubulk" 702
"../../../Engine/Plugins/Animation/ControlRig/Content/Controls/ControlRig_Triangle_1mm.uasset" 703
"../../../Engine/Plugins/Animation/ControlRig/Content/Controls/ControlRig_Triangle_1mm.uexp" 704
"../../../Engine/Plugins/Animation/ControlRig/Content/Controls/ControlRig_Star4_solid.ubulk" 705
"../../../Engine/Plugins/Animation/ControlRig/Content/Controls/ControlRig_Star4_solid.uasset" 706
"../../../Engine/Plugins/Animation/ControlRig/Content/Controls/ControlRig_Star4_solid.uexp" 707
"../../../Engine/Plugins/Animation/ControlRig/Content/Controls/ControlRig_Star4_3mm.ubulk" 708
"../../../Engine/Plugins/Animation/ControlRig/Content/Controls/ControlRig_Star4_3mm.uasset" 709
"../../../Engine/Plugins/Animation/ControlRig/Content/Controls/ControlRig_Star4_3mm.uexp" 710
"../../../Engine/Plugins/Animation/ControlRig/Content/Controls/ControlRig_Star4_1mm.ubulk" 711
"../../../Engine/Plugins/Animation/ControlRig/Content/Controls/ControlRig_Star4_1mm.uasset" 712
"../../../Engine/Plugins/Animation/ControlRig/Content/Controls/ControlRig_Star4_1mm.uexp" 713
"../../../Engine/Plugins/Animation/ControlRig/Content/Controls/ControlRig_Square_solid.ubulk" 714
"../../../Engine/Plugins/Animation/ControlRig/Content/Controls/ControlRig_Square_solid.uasset" 715
"../../../Engine/Plugins/Animation/ControlRig/Content/Controls/ControlRig_Square_solid.uexp" 716
"../../../Engine/Plugins/Runtime/HairStrands/Content/Materials/HairMeshesDefaultMaterial.uasset" 717
"../../../Engine/Plugins/Runtime/HairStrands/Content/Materials/HairMeshesDefaultMaterial.uexp" 718
"../../../Engine/Plugins/Runtime/HairStrands/Content/Materials/HairDefaultMaterial.uasset" 719
"../../../Engine/Plugins/Runtime/HairStrands/Content/Materials/HairDefaultMaterial.uexp" 720
"../../../Engine/Plugins/Runtime/HairStrands/Content/Materials/HairGroupColors.uasset" 721
"../../../Engine/Plugins/Runtime/HairStrands/Content/Materials/HairGroupColors.uexp" 722
"../../../Engine/Content/EngineMaterials/HairColorMap.uasset" 723
"../../../Engine/Content/EngineMaterials/HairColorMap.uexp" 724
"../../../Engine/Content/EngineMaterials/HairDebugColor.uasset" 725
"../../../Engine/Content/EngineMaterials/HairDebugColor.uexp" 726
"../../../Engine/Plugins/Runtime/HairStrands/Content/Materials/HairDebugMaterial.uasset" 727
"../../../Engine/Plugins/Runtime/HairStrands/Content/Materials/HairDebugMaterial.uexp" 728
"../../../Engine/Plugins/Runtime/HairStrands/Content/Materials/HairCardsDefaultMaterial.uasset" 729
"../../../Engine/Plugins/Runtime/HairStrands/Content/Materials/HairCardsDefaultMaterial.uexp" 730
"../../../Engine/Plugins/Animation/ControlRig/Content/Controls/ControlRig_Square_3mm.ubulk" 731
"../../../Engine/Plugins/Animation/ControlRig/Content/Controls/ControlRig_Square_3mm.uasset" 732
"../../../Engine/Plugins/Animation/ControlRig/Content/Controls/ControlRig_Square_3mm.uexp" 733
"../../../Engine/Plugins/Animation/ControlRig/Content/Controls/ControlRig_Square_1mm.ubulk" 734
"../../../Engine/Plugins/Animation/ControlRig/Content/Controls/ControlRig_Square_1mm.uasset" 735
"../../../Engine/Plugins/Animation/ControlRig/Content/Controls/ControlRig_Square_1mm.uexp" 736
"../../../Engine/Plugins/Animation/ControlRig/Content/Controls/ControlRig_Sphere_solid.ubulk" 737
"../../../Engine/Plugins/Animation/ControlRig/Content/Controls/ControlRig_Sphere_solid.uasset" 738
"../../../Engine/Plugins/Animation/ControlRig/Content/Controls/ControlRig_Sphere_solid.uexp" 739
"../../../Engine/Plugins/Animation/ControlRig/Content/Controls/ControlRig_Sphere_3mm.ubulk" 740
"../../../Engine/Plugins/Animation/ControlRig/Content/Controls/ControlRig_Sphere_3mm.uasset" 741
"../../../Engine/Plugins/Animation/ControlRig/Content/Controls/ControlRig_Sphere_3mm.uexp" 742
"../../../Engine/Plugins/Animation/ControlRig/Content/Controls/ControlRig_Sphere_1mm.ubulk" 743
"../../../Engine/Plugins/Animation/ControlRig/Content/Controls/ControlRig_Sphere_1mm.uasset" 744
"../../../Engine/Plugins/Animation/ControlRig/Content/Controls/ControlRig_Sphere_1mm.uexp" 745
"../../../Engine/Plugins/Animation/ControlRig/Content/Controls/ControlRig_RoundedTriangle_solid.ubulk" 746
"../../../Engine/Plugins/Animation/ControlRig/Content/Controls/ControlRig_RoundedTriangle_solid.uasset" 747
"../../../Engine/Plugins/Animation/ControlRig/Content/Controls/ControlRig_RoundedTriangle_solid.uexp" 748
"../../../Engine/Plugins/Animation/ControlRig/Content/Controls/ControlRig_RoundedTriangle_3mm.ubulk" 749
"../../../Engine/Plugins/Animation/ControlRig/Content/Controls/ControlRig_RoundedTriangle_3mm.uasset" 750
"../../../Engine/Plugins/Animation/ControlRig/Content/Controls/ControlRig_RoundedTriangle_3mm.uexp" 751
"../../../Engine/Plugins/Animation/ControlRig/Content/Controls/ControlRig_RoundedTriangle_1mm.ubulk" 752
"../../../Engine/Plugins/Animation/ControlRig/Content/Controls/ControlRig_RoundedTriangle_1mm.uasset" 753
"../../../Engine/Plugins/Animation/ControlRig/Content/Controls/ControlRig_RoundedTriangle_1mm.uexp" 754
"../../../Engine/Plugins/Animation/ControlRig/Content/Controls/ControlRig_RoundedSquare_solid.ubulk" 755
"../../../Engine/Plugins/Animation/ControlRig/Content/Controls/ControlRig_RoundedSquare_solid.uasset" 756
"../../../Engine/Plugins/Animation/ControlRig/Content/Controls/ControlRig_RoundedSquare_solid.uexp" 757
"../../../Engine/Plugins/Animation/ControlRig/Content/Controls/ControlRig_RoundedSquare_3mm.ubulk" 758
"../../../Engine/Plugins/Animation/ControlRig/Content/Controls/ControlRig_RoundedSquare_3mm.uasset" 759
"../../../Engine/Plugins/Animation/ControlRig/Content/Controls/ControlRig_RoundedSquare_3mm.uexp" 760
"../../../Engine/Plugins/Animation/ControlRig/Content/Controls/ControlRig_RoundedSquare_1mm.ubulk" 761
"../../../Engine/Plugins/Animation/ControlRig/Content/Controls/ControlRig_RoundedSquare_1mm.uasset" 762
"../../../Engine/Plugins/Animation/ControlRig/Content/Controls/ControlRig_RoundedSquare_1mm.uexp" 763
"../../../Engine/Plugins/Animation/ControlRig/Content/Controls/ControlRig_QuarterCircle_solid.ubulk" 764
"../../../Engine/Plugins/Animation/ControlRig/Content/Controls/ControlRig_QuarterCircle_solid.uasset" 765
"../../../Engine/Plugins/Animation/ControlRig/Content/Controls/ControlRig_QuarterCircle_solid.uexp" 766
"../../../Engine/Plugins/Animation/ControlRig/Content/Controls/ControlRig_QuarterCircle_3mm.ubulk" 767
"../../../Engine/Plugins/Animation/ControlRig/Content/Controls/ControlRig_QuarterCircle_3mm.uasset" 768
"../../../Engine/Plugins/Animation/ControlRig/Content/Controls/ControlRig_QuarterCircle_3mm.uexp" 769
"../../../Engine/Plugins/Animation/ControlRig/Content/Controls/ControlRig_QuarterCircle_1mm.ubulk" 770
"../../../Engine/Plugins/Animation/ControlRig/Content/Controls/ControlRig_QuarterCircle_1mm.uasset" 771
"../../../Engine/Plugins/Animation/ControlRig/Content/Controls/ControlRig_QuarterCircle_1mm.uexp" 772
"../../../Engine/Plugins/Animation/ControlRig/Content/Controls/ControlRig_Pyramid_solid.ubulk" 773
"../../../Engine/Plugins/Animation/ControlRig/Content/Controls/ControlRig_Pyramid_solid.uasset" 774
"../../../Engine/Plugins/Animation/ControlRig/Content/Controls/ControlRig_Pyramid_solid.uexp" 775
"../../../Engine/Plugins/Animation/ControlRig/Content/Controls/ControlRig_Pyramid_3mm.ubulk" 776
"../../../Engine/Plugins/Animation/ControlRig/Content/Controls/ControlRig_Pyramid_3mm.uasset" 777
"../../../Engine/Plugins/Animation/ControlRig/Content/Controls/ControlRig_Pyramid_3mm.uexp" 778
"../../../Engine/Plugins/Animation/ControlRig/Content/Controls/ControlRig_Pyramid_1mm.ubulk" 779
"../../../Engine/Plugins/Animation/ControlRig/Content/Controls/ControlRig_Pyramid_1mm.uasset" 780
"../../../Engine/Plugins/Animation/ControlRig/Content/Controls/ControlRig_Pyramid_1mm.uexp" 781
"../../../Engine/Plugins/Animation/ControlRig/Content/Controls/ControlRig_Octagon_solid.ubulk" 782
"../../../Engine/Plugins/Animation/ControlRig/Content/Controls/ControlRig_Octagon_solid.uasset" 783
"../../../Engine/Plugins/Animation/ControlRig/Content/Controls/ControlRig_Octagon_solid.uexp" 784
"../../../Engine/Plugins/Animation/ControlRig/Content/Controls/ControlRig_Octagon_3mm.ubulk" 785
"../../../Engine/Plugins/Animation/ControlRig/Content/Controls/ControlRig_Octagon_3mm.uasset" 786
"../../../Engine/Plugins/Animation/ControlRig/Content/Controls/ControlRig_Octagon_3mm.uexp" 787
"../../../Engine/Plugins/Animation/ControlRig/Content/Controls/ControlRig_Octagon_1mm.ubulk" 788
"../../../Engine/Plugins/Animation/ControlRig/Content/Controls/ControlRig_Octagon_1mm.uasset" 789
"../../../Engine/Plugins/Animation/ControlRig/Content/Controls/ControlRig_Octagon_1mm.uexp" 790
"../../../Engine/Plugins/Animation/ControlRig/Content/Controls/ControlRig_Hexagon_solid.ubulk" 791
"../../../Engine/Plugins/Animation/ControlRig/Content/Controls/ControlRig_Hexagon_solid.uasset" 792
"../../../Engine/Plugins/Animation/ControlRig/Content/Controls/ControlRig_Hexagon_solid.uexp" 793
"../../../Engine/Plugins/Animation/ControlRig/Content/Controls/ControlRig_Hexagon_3mm.ubulk" 794
"../../../Engine/Plugins/Animation/ControlRig/Content/Controls/ControlRig_Hexagon_3mm.uasset" 795
"../../../Engine/Plugins/Animation/ControlRig/Content/Controls/ControlRig_Hexagon_3mm.uexp" 796
"../../../Engine/Plugins/Animation/ControlRig/Content/Controls/ControlRig_Hexagon_1mm.ubulk" 797
"../../../Engine/Plugins/Animation/ControlRig/Content/Controls/ControlRig_Hexagon_1mm.uasset" 798
"../../../Engine/Plugins/Animation/ControlRig/Content/Controls/ControlRig_Hexagon_1mm.uexp" 799
"../../../Engine/Plugins/Animation/ControlRig/Content/Controls/ControlRig_HalfCircle_solid.ubulk" 800
"../../../Engine/Plugins/Animation/ControlRig/Content/Controls/ControlRig_HalfCircle_solid.uasset" 801
"../../../Engine/Plugins/Animation/ControlRig/Content/Controls/ControlRig_HalfCircle_solid.uexp" 802
"../../../Engine/Plugins/Animation/ControlRig/Content/Controls/ControlRig_HalfCircle_3mm.ubulk" 803
"../../../Engine/Plugins/Animation/ControlRig/Content/Controls/ControlRig_HalfCircle_3mm.uasset" 804
"../../../Engine/Plugins/Animation/ControlRig/Content/Controls/ControlRig_HalfCircle_3mm.uexp" 805
"../../../Engine/Plugins/Animation/ControlRig/Content/Controls/ControlRig_HalfCircle_1mm.ubulk" 806
"../../../Engine/Plugins/Animation/ControlRig/Content/Controls/ControlRig_HalfCircle_1mm.uasset" 807
"../../../Engine/Plugins/Animation/ControlRig/Content/Controls/ControlRig_HalfCircle_1mm.uexp" 808
"../../../Engine/Plugins/Animation/ControlRig/Content/Controls/ControlRig_Diamond_solid.ubulk" 809
"../../../Engine/Plugins/Animation/ControlRig/Content/Controls/ControlRig_Diamond_solid.uasset" 810
"../../../Engine/Plugins/Animation/ControlRig/Content/Controls/ControlRig_Diamond_solid.uexp" 811
"../../../Engine/Plugins/Animation/ControlRig/Content/Controls/ControlRig_Diamond_3mm.ubulk" 812
"../../../Engine/Plugins/Animation/ControlRig/Content/Controls/ControlRig_Diamond_3mm.uasset" 813
"../../../Engine/Plugins/Animation/ControlRig/Content/Controls/ControlRig_Diamond_3mm.uexp" 814
"../../../Engine/Plugins/Animation/ControlRig/Content/Controls/ControlRig_Diamond_1mm.ubulk" 815
"../../../Engine/Plugins/Animation/ControlRig/Content/Controls/ControlRig_Diamond_1mm.uasset" 816
"../../../Engine/Plugins/Animation/ControlRig/Content/Controls/ControlRig_Diamond_1mm.uexp" 817
"../../../Engine/Plugins/Animation/ControlRig/Content/Controls/ControlRig_Circle_solid.ubulk" 818
"../../../Engine/Plugins/Animation/ControlRig/Content/Controls/ControlRig_Circle_solid.uasset" 819
"../../../Engine/Plugins/Animation/ControlRig/Content/Controls/ControlRig_Circle_solid.uexp" 820
"../../../Engine/Plugins/Animation/ControlRig/Content/Controls/ControlRig_Circle_3mm.ubulk" 821
"../../../Engine/Plugins/Animation/ControlRig/Content/Controls/ControlRig_Circle_3mm.uasset" 822
"../../../Engine/Plugins/Animation/ControlRig/Content/Controls/ControlRig_Circle_3mm.uexp" 823
"../../../Engine/Plugins/Animation/ControlRig/Content/Controls/ControlRig_Circle_1mm.ubulk" 824
"../../../Engine/Plugins/Animation/ControlRig/Content/Controls/ControlRig_Circle_1mm.uasset" 825
"../../../Engine/Plugins/Animation/ControlRig/Content/Controls/ControlRig_Circle_1mm.uexp" 826
"../../../Engine/Plugins/Animation/ControlRig/Content/Controls/ControlRig_Box_solid.ubulk" 827
"../../../Engine/Plugins/Animation/ControlRig/Content/Controls/ControlRig_Box_solid.uasset" 828
"../../../Engine/Plugins/Animation/ControlRig/Content/Controls/ControlRig_Box_solid.uexp" 829
"../../../Engine/Plugins/Animation/ControlRig/Content/Controls/ControlRig_Box_3mm.ubulk" 830
"../../../Engine/Plugins/Animation/ControlRig/Content/Controls/ControlRig_Box_3mm.uasset" 831
"../../../Engine/Plugins/Animation/ControlRig/Content/Controls/ControlRig_Box_3mm.uexp" 832
"../../../Engine/Plugins/Animation/ControlRig/Content/Controls/ControlRig_Box_1mm.ubulk" 833
"../../../Engine/Plugins/Animation/ControlRig/Content/Controls/ControlRig_Box_1mm.uasset" 834
"../../../Engine/Plugins/Animation/ControlRig/Content/Controls/ControlRig_Box_1mm.uexp" 835
"../../../Engine/Plugins/Animation/ControlRig/Content/Controls/ControlRig_Arrow_solid.ubulk" 836
"../../../Engine/Plugins/Animation/ControlRig/Content/Controls/ControlRig_Arrow_solid.uasset" 837
"../../../Engine/Plugins/Animation/ControlRig/Content/Controls/ControlRig_Arrow_solid.uexp" 838
"../../../Engine/Plugins/Animation/ControlRig/Content/Controls/ControlRig_Arrow_3mm.ubulk" 839
"../../../Engine/Plugins/Animation/ControlRig/Content/Controls/ControlRig_Arrow_3mm.uasset" 840
"../../../Engine/Plugins/Animation/ControlRig/Content/Controls/ControlRig_Arrow_3mm.uexp" 841
"../../../Engine/Plugins/Animation/ControlRig/Content/Controls/ControlRig_Arrow_1mm.ubulk" 842
"../../../Engine/Plugins/Animation/ControlRig/Content/Controls/ControlRig_Arrow_1mm.uasset" 843
"../../../Engine/Plugins/Animation/ControlRig/Content/Controls/ControlRig_Arrow_1mm.uexp" 844
"../../../Engine/Plugins/Animation/ControlRig/Content/Controls/ControlRig_Arrow4_solid.ubulk" 845
"../../../Engine/Plugins/Animation/ControlRig/Content/Controls/ControlRig_Arrow4_solid.uasset" 846
"../../../Engine/Plugins/Animation/ControlRig/Content/Controls/ControlRig_Arrow4_solid.uexp" 847
"../../../Engine/Plugins/Animation/ControlRig/Content/Controls/ControlRig_Arrow4_3mm.ubulk" 848
"../../../Engine/Plugins/Animation/ControlRig/Content/Controls/ControlRig_Arrow4_3mm.uasset" 849
"../../../Engine/Plugins/Animation/ControlRig/Content/Controls/ControlRig_Arrow4_3mm.uexp" 850
"../../../Engine/Plugins/Animation/ControlRig/Content/Controls/ControlRig_Arrow4_1mm.ubulk" 851
"../../../Engine/Plugins/Animation/ControlRig/Content/Controls/ControlRig_Arrow4_1mm.uasset" 852
"../../../Engine/Plugins/Animation/ControlRig/Content/Controls/ControlRig_Arrow4_1mm.uexp" 853
"../../../Engine/Plugins/Animation/ControlRig/Content/Controls/ControlRig_Arrow2_solid.ubulk" 854
"../../../Engine/Plugins/Animation/ControlRig/Content/Controls/ControlRig_Arrow2_solid.uasset" 855
"../../../Engine/Plugins/Animation/ControlRig/Content/Controls/ControlRig_Arrow2_solid.uexp" 856
"../../../Engine/Plugins/Animation/ControlRig/Content/Controls/ControlRig_Arrow2_3mm.ubulk" 857
"../../../Engine/Plugins/Animation/ControlRig/Content/Controls/ControlRig_Arrow2_3mm.uasset" 858
"../../../Engine/Plugins/Animation/ControlRig/Content/Controls/ControlRig_Arrow2_3mm.uexp" 859
"../../../Engine/Plugins/Animation/ControlRig/Content/Controls/ControlRig_Arrow2_1mm.ubulk" 860
"../../../Engine/Plugins/Animation/ControlRig/Content/Controls/ControlRig_Arrow2_1mm.uasset" 861
"../../../Engine/Plugins/Animation/ControlRig/Content/Controls/ControlRig_Arrow2_1mm.uexp" 862
"../../../Engine/Plugins/Animation/ControlRig/Content/Controls/ControlRigGizmoMaterial.uasset" 863
"../../../Engine/Plugins/Animation/ControlRig/Content/Controls/ControlRigGizmoMaterial.uexp" 864
"C:/Users/Ricor/OneDrive/Documents/Unreal Projects/GamesJam3Self/Content/LevelBase_LevelTemp_HLOD0_Instancing.uasset" 865
"C:/Users/Ricor/OneDrive/Documents/Unreal Projects/GamesJam3Self/Content/LevelBase_LevelTemp_HLOD0_Instancing.uexp" 866
"C:/Users/Ricor/OneDrive/Documents/Unreal Projects/GamesJam3Self/Content/LevelBase.uexp" 867
"C:/Users/Ricor/OneDrive/Documents/Unreal Projects/GamesJam3Self/Content/LevelBase.ubulk" 868
"C:/Users/Ricor/OneDrive/Documents/Unreal Projects/GamesJam3Self/Content/LevelBase.umap" 869
"../../../Engine/Content/Maps/Entry_BuiltData.uasset" 870
"../../../Engine/Content/Maps/Entry_BuiltData.uexp" 871
"../../../Engine/Content/Maps/Entry.uexp" 872
"../../../Engine/Content/Maps/Entry.umap" 873
"C:/Users/Ricor/OneDrive/Documents/Unreal Projects/GamesJam3Self/Content/LevelBase/_Generated_/LevelBase_MainGrid_L0_X-1_Y-1_DL0.uexp" 874
"C:/Users/Ricor/OneDrive/Documents/Unreal Projects/GamesJam3Self/Content/LevelBase/_Generated_/LevelBase_MainGrid_L0_X-1_Y-1_DL0.umap" 875
"C:/Users/Ricor/OneDrive/Documents/Unreal Projects/GamesJam3Self/Content/LevelBase/_Generated_/LevelBase_MainGrid_L0_X0_Y-1_DL0.uexp" 876
"C:/Users/Ricor/OneDrive/Documents/Unreal Projects/GamesJam3Self/Content/LevelBase/_Generated_/LevelBase_MainGrid_L0_X0_Y-1_DL0.umap" 877
"C:/Users/Ricor/OneDrive/Documents/Unreal Projects/GamesJam3Self/Content/LevelBase/_Generated_/LevelBase_MainGrid_L0_X-1_Y0_DL0.uexp" 878
"C:/Users/Ricor/OneDrive/Documents/Unreal Projects/GamesJam3Self/Content/LevelBase/_Generated_/LevelBase_MainGrid_L0_X-1_Y0_DL0.umap" 879
"C:/Users/Ricor/OneDrive/Documents/Unreal Projects/GamesJam3Self/Content/LevelBase/_Generated_/LevelBase_MainGrid_L0_X0_Y0_DL0.uexp" 880
"C:/Users/Ricor/OneDrive/Documents/Unreal Projects/GamesJam3Self/Content/LevelBase/_Generated_/LevelBase_MainGrid_L0_X0_Y0_DL0.ubulk" 881
"C:/Users/Ricor/OneDrive/Documents/Unreal Projects/GamesJam3Self/Content/LevelBase/_Generated_/LevelBase_MainGrid_L0_X0_Y0_DL0.umap" 882
